Apr 17 18:35:51 lfs-ulayus kernel: klogd 1.5.1, log source = /proc/kmsg started.
Apr 17 18:35:51 lfs-ulayus kernel: Inspecting /boot/System.map-6.7.4
Apr 17 18:35:51 lfs-ulayus kernel: Cannot find map file.
Apr 17 18:35:51 lfs-ulayus kernel: Loaded 169302 symbols from 1 module.
Apr 17 18:35:51 lfs-ulayus kernel: [    0.000000] Linux version 6.7.4 (root@archiso) (gcc (GCC) 13.2.0, GNU ld (GNU Binutils) 2.42) #1 SMP PREEMPT_DYNAMIC Wed Apr 17 17:22:35 CEST 2024
Apr 17 18:35:51 lfs-ulayus kernel: [    0.000000] Command line: BOOT_IMAGE=/vmlinuz-6.7.4-lfs-12.1 root=/dev/sda3 ro
Apr 17 18:35:51 lfs-ulayus kernel: [    0.000000] [Firmware Bug]: TSC doesn't count with P0 frequency!
Apr 17 18:35:51 lfs-ulayus kernel: [    0.000000] BIOS-provided physical RAM map:
Apr 17 18:35:51 lfs-ulayus kernel: [    0.000000] BIOS-e820: [mem 0x0000000000000000-0x000000000009fbff] usable
Apr 17 18:35:51 lfs-ulayus kernel: [    0.000000] BIOS-e820: [mem 0x000000000009fc00-0x000000000009ffff] reserved
Apr 17 18:35:51 lfs-ulayus kernel: [    0.000000] BIOS-e820: [mem 0x00000000000f0000-0x00000000000fffff] reserved
Apr 17 18:35:51 lfs-ulayus kernel: [    0.000000] BIOS-e820: [mem 0x0000000000100000-0x00000000dffeffff] usable
Apr 17 18:35:51 lfs-ulayus kernel: [    0.000000] BIOS-e820: [mem 0x00000000dfff0000-0x00000000dfffffff] ACPI data
Apr 17 18:35:51 lfs-ulayus kernel: [    0.000000] BIOS-e820: [mem 0x00000000fec00000-0x00000000fec00fff] reserved
Apr 17 18:35:51 lfs-ulayus kernel: [    0.000000] BIOS-e820: [mem 0x00000000fee00000-0x00000000fee00fff] reserved
Apr 17 18:35:51 lfs-ulayus kernel: [    0.000000] BIOS-e820: [mem 0x00000000fffc0000-0x00000000ffffffff] reserved
Apr 17 18:35:51 lfs-ulayus kernel: [    0.000000] BIOS-e820: [mem 0x0000000100000000-0x000000021fffffff] usable
Apr 17 18:35:51 lfs-ulayus kernel: [    0.000000] NX (Execute Disable) protection: active
Apr 17 18:35:51 lfs-ulayus kernel: [    0.000000] APIC: Static calls initialized
Apr 17 18:35:51 lfs-ulayus kernel: [    0.000000] SMBIOS 2.5 present.
Apr 17 18:35:51 lfs-ulayus kernel: [    0.000000] DMI: innotek GmbH VirtualBox/VirtualBox, BIOS VirtualBox 12/01/2006
Apr 17 18:35:51 lfs-ulayus kernel: [    0.000000] Hypervisor detected: KVM
Apr 17 18:35:51 lfs-ulayus kernel: [    0.000000] kvm-clock: Using msrs 4b564d01 and 4b564d00
Apr 17 18:35:51 lfs-ulayus kernel: [    0.000000] kvm-clock: using sched offset of 4375455823 cycles
Apr 17 18:35:51 lfs-ulayus kernel: [    0.000001] clocksource: kvm-clock: mask: 0xffffffffffffffff max_cycles: 0x1cd42e4dffb, max_idle_ns: 881590591483 ns
Apr 17 18:35:51 lfs-ulayus kernel: [    0.000003] tsc: Detected 3493.358 MHz processor
Apr 17 18:35:51 lfs-ulayus kernel: [    0.000772] e820: update [mem 0x00000000-0x00000fff] usable ==> reserved
Apr 17 18:35:51 lfs-ulayus kernel: [    0.000774] e820: remove [mem 0x000a0000-0x000fffff] usable
Apr 17 18:35:51 lfs-ulayus kernel: [    0.000777] last_pfn = 0x220000 max_arch_pfn = 0x400000000
Apr 17 18:35:51 lfs-ulayus kernel: [    0.000784] MTRRs disabled by BIOS
Apr 17 18:35:51 lfs-ulayus kernel: [    0.000785] x86/PAT: Configuration [0-7]: WB  WC  UC- UC  WB  WP  UC- WT  
Apr 17 18:35:51 lfs-ulayus kernel: [    0.000801] last_pfn = 0xdfff0 max_arch_pfn = 0x400000000
Apr 17 18:35:51 lfs-ulayus kernel: [    0.000821] found SMP MP-table at [mem 0x0009fff0-0x0009ffff]
Apr 17 18:35:51 lfs-ulayus kernel: [    0.002559] ACPI: Early table checksum verification disabled
Apr 17 18:35:51 lfs-ulayus kernel: [    0.002569] ACPI: RSDP 0x00000000000E0000 000024 (v02 VBOX  )
Apr 17 18:35:51 lfs-ulayus kernel: [    0.002634] ACPI: XSDT 0x00000000DFFF0030 00003C (v01 VBOX   VBOXXSDT 00000001 ASL  00000061)
Apr 17 18:35:51 lfs-ulayus kernel: [    0.002655] ACPI: FACP 0x00000000DFFF00F0 0000F4 (v04 VBOX   VBOXFACP 00000001 ASL  00000061)
Apr 17 18:35:51 lfs-ulayus kernel: [    0.002659] ACPI: DSDT 0x00000000DFFF0620 002353 (v02 VBOX   VBOXBIOS 00000002 INTL 20230628)
Apr 17 18:35:51 lfs-ulayus kernel: [    0.002661] ACPI: FACS 0x00000000DFFF0200 000040
Apr 17 18:35:51 lfs-ulayus kernel: [    0.002663] ACPI: FACS 0x00000000DFFF0200 000040
Apr 17 18:35:51 lfs-ulayus kernel: [    0.002665] ACPI: APIC 0x00000000DFFF0240 00006C (v02 VBOX   VBOXAPIC 00000001 ASL  00000061)
Apr 17 18:35:51 lfs-ulayus kernel: [    0.002667] ACPI: SSDT 0x00000000DFFF02B0 00036C (v01 VBOX   VBOXCPUT 00000002 INTL 20230628)
Apr 17 18:35:51 lfs-ulayus kernel: [    0.002669] ACPI: Reserving FACP table memory at [mem 0xdfff00f0-0xdfff01e3]
Apr 17 18:35:51 lfs-ulayus kernel: [    0.002670] ACPI: Reserving DSDT table memory at [mem 0xdfff0620-0xdfff2972]
Apr 17 18:35:51 lfs-ulayus kernel: [    0.002670] ACPI: Reserving FACS table memory at [mem 0xdfff0200-0xdfff023f]
Apr 17 18:35:51 lfs-ulayus kernel: [    0.002671] ACPI: Reserving FACS table memory at [mem 0xdfff0200-0xdfff023f]
Apr 17 18:35:51 lfs-ulayus kernel: [    0.002671] ACPI: Reserving APIC table memory at [mem 0xdfff0240-0xdfff02ab]
Apr 17 18:35:51 lfs-ulayus kernel: [    0.002671] ACPI: Reserving SSDT table memory at [mem 0xdfff02b0-0xdfff061b]
Apr 17 18:35:51 lfs-ulayus kernel: [    0.002792] No NUMA configuration found
Apr 17 18:35:51 lfs-ulayus kernel: [    0.002792] Faking a node at [mem 0x0000000000000000-0x000000021fffffff]
Apr 17 18:35:51 lfs-ulayus kernel: [    0.002794] NODE_DATA(0) allocated [mem 0x21fff8000-0x21fffbfff]
Apr 17 18:35:51 lfs-ulayus kernel: [    0.002803] Zone ranges:
Apr 17 18:35:51 lfs-ulayus kernel: [    0.002803]   DMA      [mem 0x0000000000001000-0x0000000000ffffff]
Apr 17 18:35:51 lfs-ulayus kernel: [    0.002804]   DMA32    [mem 0x0000000001000000-0x00000000ffffffff]
Apr 17 18:35:51 lfs-ulayus kernel: [    0.002805]   Normal   [mem 0x0000000100000000-0x000000021fffffff]
Apr 17 18:35:51 lfs-ulayus kernel: [    0.002805] Movable zone start for each node
Apr 17 18:35:51 lfs-ulayus kernel: [    0.002806] Early memory node ranges
Apr 17 18:35:51 lfs-ulayus kernel: [    0.002806]   node   0: [mem 0x0000000000001000-0x000000000009efff]
Apr 17 18:35:51 lfs-ulayus kernel: [    0.002807]   node   0: [mem 0x0000000000100000-0x00000000dffeffff]
Apr 17 18:35:51 lfs-ulayus kernel: [    0.002808]   node   0: [mem 0x0000000100000000-0x000000021fffffff]
Apr 17 18:35:51 lfs-ulayus kernel: [    0.002809] Initmem setup node 0 [mem 0x0000000000001000-0x000000021fffffff]
Apr 17 18:35:51 lfs-ulayus kernel: [    0.002988] On node 0, zone DMA: 1 pages in unavailable ranges
Apr 17 18:35:51 lfs-ulayus kernel: [    0.002995] On node 0, zone DMA: 97 pages in unavailable ranges
Apr 17 18:35:51 lfs-ulayus kernel: [    0.014899] On node 0, zone Normal: 16 pages in unavailable ranges
Apr 17 18:35:51 lfs-ulayus kernel: [    0.015113] ACPI: PM-Timer IO Port: 0x4008
Apr 17 18:35:51 lfs-ulayus kernel: [    0.015162] IOAPIC[0]: apic_id 4, version 32, address 0xfec00000, GSI 0-23
Apr 17 18:35:51 lfs-ulayus kernel: [    0.015167] ACPI: INT_SRC_OVR (bus 0 bus_irq 0 global_irq 2 dfl dfl)
Apr 17 18:35:51 lfs-ulayus kernel: [    0.015169] ACPI: INT_SRC_OVR (bus 0 bus_irq 9 global_irq 9 low level)
Apr 17 18:35:51 lfs-ulayus kernel: [    0.015171] ACPI: Using ACPI (MADT) for SMP configuration information
Apr 17 18:35:51 lfs-ulayus kernel: [    0.015172] smpboot: Allowing 4 CPUs, 0 hotplug CPUs
Apr 17 18:35:51 lfs-ulayus kernel: [    0.015186] PM: hibernation: Registered nosave memory: [mem 0x00000000-0x00000fff]
Apr 17 18:35:51 lfs-ulayus kernel: [    0.015187] PM: hibernation: Registered nosave memory: [mem 0x0009f000-0x0009ffff]
Apr 17 18:35:51 lfs-ulayus kernel: [    0.015188] PM: hibernation: Registered nosave memory: [mem 0x000a0000-0x000effff]
Apr 17 18:35:51 lfs-ulayus kernel: [    0.015188] PM: hibernation: Registered nosave memory: [mem 0x000f0000-0x000fffff]
Apr 17 18:35:51 lfs-ulayus kernel: [    0.015188] PM: hibernation: Registered nosave memory: [mem 0xdfff0000-0xdfffffff]
Apr 17 18:35:51 lfs-ulayus kernel: [    0.015189] PM: hibernation: Registered nosave memory: [mem 0xe0000000-0xfebfffff]
Apr 17 18:35:51 lfs-ulayus kernel: [    0.015189] PM: hibernation: Registered nosave memory: [mem 0xfec00000-0xfec00fff]
Apr 17 18:35:51 lfs-ulayus kernel: [    0.015189] PM: hibernation: Registered nosave memory: [mem 0xfec01000-0xfedfffff]
Apr 17 18:35:51 lfs-ulayus kernel: [    0.015190] PM: hibernation: Registered nosave memory: [mem 0xfee00000-0xfee00fff]
Apr 17 18:35:51 lfs-ulayus kernel: [    0.015190] PM: hibernation: Registered nosave memory: [mem 0xfee01000-0xfffbffff]
Apr 17 18:35:51 lfs-ulayus kernel: [    0.015190] PM: hibernation: Registered nosave memory: [mem 0xfffc0000-0xffffffff]
Apr 17 18:35:51 lfs-ulayus kernel: [    0.015191] [mem 0xe0000000-0xfebfffff] available for PCI devices
Apr 17 18:35:51 lfs-ulayus kernel: [    0.015192] Booting paravirtualized kernel on KVM
Apr 17 18:35:51 lfs-ulayus kernel: [    0.015193] clocksource: refined-jiffies: mask: 0xffffffff max_cycles: 0xffffffff, max_idle_ns: 1910969940391419 ns
Apr 17 18:35:51 lfs-ulayus kernel: [    0.019136] setup_percpu: NR_CPUS:64 nr_cpumask_bits:4 nr_cpu_ids:4 nr_node_ids:1
Apr 17 18:35:51 lfs-ulayus kernel: [    0.019334] percpu: Embedded 54 pages/cpu s183272 r8192 d29720 u524288
Apr 17 18:35:51 lfs-ulayus kernel: [    0.019337] pcpu-alloc: s183272 r8192 d29720 u524288 alloc=1*2097152
Apr 17 18:35:51 lfs-ulayus kernel: [    0.019339] pcpu-alloc: [0] 0 1 2 3 
Apr 17 18:35:51 lfs-ulayus kernel: [    0.019348] Kernel command line: BOOT_IMAGE=/vmlinuz-6.7.4-lfs-12.1 root=/dev/sda3 ro
Apr 17 18:35:51 lfs-ulayus kernel: [    0.019384] Unknown kernel command line parameters "BOOT_IMAGE=/vmlinuz-6.7.4-lfs-12.1", will be passed to user space.
Apr 17 18:35:51 lfs-ulayus kernel: [    0.019599] random: crng init done
Apr 17 18:35:51 lfs-ulayus kernel: [    0.020158] Dentry cache hash table entries: 1048576 (order: 11, 8388608 bytes, linear)
Apr 17 18:35:51 lfs-ulayus kernel: [    0.020440] Inode-cache hash table entries: 524288 (order: 10, 4194304 bytes, linear)
Apr 17 18:35:51 lfs-ulayus kernel: [    0.020462] Fallback order for Node 0: 0 
Apr 17 18:35:51 lfs-ulayus kernel: [    0.020470] Built 1 zonelists, mobility grouping on.  Total pages: 2064112
Apr 17 18:35:51 lfs-ulayus kernel: [    0.020471] Policy zone: Normal
Apr 17 18:35:51 lfs-ulayus kernel: [    0.020472] mem auto-init: stack:all(zero), heap alloc:off, heap free:off
Apr 17 18:35:51 lfs-ulayus kernel: [    0.020475] software IO TLB: area num 4.
Apr 17 18:35:51 lfs-ulayus kernel: [    0.040357] Memory: 8137640K/8388152K available (18432K kernel code, 2768K rwdata, 6652K rodata, 2680K init, 1360K bss, 250252K reserved, 0K cma-reserved)
Apr 17 18:35:51 lfs-ulayus kernel: [    0.040387] SLUB: HWalign=64, Order=0-3, MinObjects=0, CPUs=4, Nodes=1
Apr 17 18:35:51 lfs-ulayus kernel: [    0.041294] Dynamic Preempt: voluntary
Apr 17 18:35:51 lfs-ulayus kernel: [    0.041451] rcu: Preemptible hierarchical RCU implementation.
Apr 17 18:35:51 lfs-ulayus kernel: [    0.041451] rcu: ^IRCU event tracing is enabled.
Apr 17 18:35:51 lfs-ulayus kernel: [    0.041452] rcu: ^IRCU restricting CPUs from NR_CPUS=64 to nr_cpu_ids=4.
Apr 17 18:35:51 lfs-ulayus kernel: [    0.041453] ^ITrampoline variant of Tasks RCU enabled.
Apr 17 18:35:51 lfs-ulayus kernel: [    0.041453] rcu: RCU calculated value of scheduler-enlistment delay is 100 jiffies.
Apr 17 18:35:51 lfs-ulayus kernel: [    0.041454] rcu: Adjusting geometry for rcu_fanout_leaf=16, nr_cpu_ids=4
Apr 17 18:35:51 lfs-ulayus kernel: [    0.042318] NR_IRQS: 4352, nr_irqs: 456, preallocated irqs: 16
Apr 17 18:35:51 lfs-ulayus kernel: [    0.042480] rcu: srcu_init: Setting srcu_struct sizes based on contention.
Apr 17 18:35:51 lfs-ulayus kernel: [    0.048937] Console: colour VGA+ 80x25
Apr 17 18:35:51 lfs-ulayus kernel: [    0.048939] printk: legacy console [tty0] enabled
Apr 17 18:35:51 lfs-ulayus kernel: [    0.080495] ACPI: Core revision 20230628
Apr 17 18:35:51 lfs-ulayus kernel: [    0.080780] APIC: Switch to symmetric I/O mode setup
Apr 17 18:35:51 lfs-ulayus kernel: [    0.081276] x2apic enabled
Apr 17 18:35:51 lfs-ulayus kernel: [    0.081751] APIC: Switched APIC routing to: physical x2apic
Apr 17 18:35:51 lfs-ulayus kernel: [    0.083142] ..TIMER: vector=0x30 apic1=0 pin1=2 apic2=-1 pin2=-1
Apr 17 18:35:51 lfs-ulayus kernel: [    0.083479] clocksource: tsc-early: mask: 0xffffffffffffffff max_cycles: 0x325aceb79c6, max_idle_ns: 440795283884 ns
Apr 17 18:35:51 lfs-ulayus kernel: [    0.083971] Calibrating delay loop (skipped) preset value.. 6986.71 BogoMIPS (lpj=3493358)
Apr 17 18:35:51 lfs-ulayus kernel: [    0.084460] Last level iTLB entries: 4KB 512, 2MB 512, 4MB 256
Apr 17 18:35:51 lfs-ulayus kernel: [    0.084737] Last level dTLB entries: 4KB 2048, 2MB 2048, 4MB 1024, 1GB 0
Apr 17 18:35:51 lfs-ulayus kernel: [    0.084968] Spectre V1 : Mitigation: usercopy/swapgs barriers and __user pointer sanitization
Apr 17 18:35:51 lfs-ulayus kernel: [    0.084968] Spectre V2 : Mitigation: Retpolines
Apr 17 18:35:51 lfs-ulayus kernel: [    0.084968] Spectre V2 : Spectre v2 / SpectreRSB mitigation: Filling RSB on context switch
Apr 17 18:35:51 lfs-ulayus kernel: [    0.084968] Spectre V2 : Spectre v2 / SpectreRSB : Filling RSB on VMEXIT
Apr 17 18:35:51 lfs-ulayus kernel: [    0.084968] Speculative Return Stack Overflow: IBPB-extending microcode not applied!
Apr 17 18:35:51 lfs-ulayus kernel: [    0.084968] Speculative Return Stack Overflow: WARNING: See https://kernel.org/doc/html/latest/admin-guide/hw-vuln/srso.html for mitigation options.
Apr 17 18:35:51 lfs-ulayus kernel: [    0.084968] Speculative Return Stack Overflow: Vulnerable: Safe RET, no microcode
Apr 17 18:35:51 lfs-ulayus kernel: [    0.084968] x86/fpu: Supporting XSAVE feature 0x001: 'x87 floating point registers'
Apr 17 18:35:51 lfs-ulayus kernel: [    0.084968] x86/fpu: Supporting XSAVE feature 0x002: 'SSE registers'
Apr 17 18:35:51 lfs-ulayus kernel: [    0.084968] x86/fpu: Supporting XSAVE feature 0x004: 'AVX registers'
Apr 17 18:35:51 lfs-ulayus kernel: [    0.084968] x86/fpu: xstate_offset[2]:  576, xstate_sizes[2]:  256
Apr 17 18:35:51 lfs-ulayus kernel: [    0.084968] x86/fpu: Enabled xstate features 0x7, context size is 832 bytes, using 'standard' format.
Apr 17 18:35:51 lfs-ulayus kernel: [    0.084968] Freeing SMP alternatives memory: 48K
Apr 17 18:35:51 lfs-ulayus kernel: [    0.084968] pid_max: default: 32768 minimum: 301
Apr 17 18:35:51 lfs-ulayus kernel: [    0.084968] LSM: initializing lsm=capability,selinux,integrity
Apr 17 18:35:51 lfs-ulayus kernel: [    0.084968] SELinux:  Initializing.
Apr 17 18:35:51 lfs-ulayus kernel: [    0.084968] Mount-cache hash table entries: 16384 (order: 5, 131072 bytes, linear)
Apr 17 18:35:51 lfs-ulayus kernel: [    0.084968] Mountpoint-cache hash table entries: 16384 (order: 5, 131072 bytes, linear)
Apr 17 18:35:51 lfs-ulayus kernel: [    0.200841] APIC calibration not consistent with PM-Timer: 126ms instead of 100ms
Apr 17 18:35:51 lfs-ulayus kernel: [    0.200968] APIC delta adjusted to PM-Timer: 6299122 (7990900)
Apr 17 18:35:51 lfs-ulayus kernel: [    0.201011] smpboot: CPU0: AMD Ryzen 5 7640U w/ Radeon 760M Graphics (family: 0x19, model: 0x74, stepping: 0x1)
Apr 17 18:35:51 lfs-ulayus kernel: [    0.201648] RCU Tasks: Setting shift to 2 and lim to 1 rcu_task_cb_adjust=1.
Apr 17 18:35:51 lfs-ulayus kernel: [    0.201968] Performance Events: PMU not available due to virtualization, using software events only.
Apr 17 18:35:51 lfs-ulayus kernel: [    0.201981] signal: max sigframe size: 1776
Apr 17 18:35:51 lfs-ulayus kernel: [    0.202237] rcu: Hierarchical SRCU implementation.
Apr 17 18:35:51 lfs-ulayus kernel: [    0.202494] rcu: ^IMax phase no-delay instances is 400.
Apr 17 18:35:51 lfs-ulayus kernel: [    0.209199] smp: Bringing up secondary CPUs ...
Apr 17 18:35:51 lfs-ulayus kernel: [    0.209521] smpboot: x86: Booting SMP configuration:
Apr 17 18:35:51 lfs-ulayus kernel: [    0.209781] .... node  #0, CPUs:      #1 #2 #3
Apr 17 18:35:51 lfs-ulayus kernel: [    0.213005] smp: Brought up 1 node, 4 CPUs
Apr 17 18:35:51 lfs-ulayus kernel: [    0.214198] smpboot: Max logical packages: 1
Apr 17 18:35:51 lfs-ulayus kernel: [    0.214432] smpboot: Total of 4 processors activated (27946.86 BogoMIPS)
Apr 17 18:35:51 lfs-ulayus kernel: [    0.215027] devtmpfs: initialized
Apr 17 18:35:51 lfs-ulayus kernel: [    0.215349] clocksource: jiffies: mask: 0xffffffff max_cycles: 0xffffffff, max_idle_ns: 1911260446275000 ns
Apr 17 18:35:51 lfs-ulayus kernel: [    0.215971] futex hash table entries: 1024 (order: 4, 65536 bytes, linear)
Apr 17 18:35:51 lfs-ulayus kernel: [    0.218047] PM: RTC time: 16:35:47, date: 2024-04-17
Apr 17 18:35:51 lfs-ulayus kernel: [    0.218983] NET: Registered PF_NETLINK/PF_ROUTE protocol family
Apr 17 18:35:51 lfs-ulayus kernel: [    0.219410] audit: initializing netlink subsys (disabled)
Apr 17 18:35:51 lfs-ulayus kernel: [    0.219727] audit: type=2000 audit(1713371753.380:1): state=initialized audit_enabled=0 res=1
Apr 17 18:35:51 lfs-ulayus kernel: [    0.219727] thermal_sys: Registered thermal governor 'step_wise'
Apr 17 18:35:51 lfs-ulayus kernel: [    0.219971] thermal_sys: Registered thermal governor 'user_space'
Apr 17 18:35:51 lfs-ulayus kernel: [    0.220367] cpuidle: using governor menu
Apr 17 18:35:51 lfs-ulayus kernel: [    0.221370] PCI: Using configuration type 1 for base access
Apr 17 18:35:51 lfs-ulayus kernel: [    0.221375] PCI: Using configuration type 1 for extended access
Apr 17 18:35:51 lfs-ulayus kernel: [    0.222155] kprobes: kprobe jump-optimization is enabled. All kprobes are optimized if possible.
Apr 17 18:35:51 lfs-ulayus kernel: [    0.223032] HugeTLB: registered 2.00 MiB page size, pre-allocated 0 pages
Apr 17 18:35:51 lfs-ulayus kernel: [    0.223970] HugeTLB: 28 KiB vmemmap can be freed for a 2.00 MiB page
Apr 17 18:35:51 lfs-ulayus kernel: [    0.224380] ACPI: Added _OSI(Module Device)
Apr 17 18:35:51 lfs-ulayus kernel: [    0.224380] ACPI: Added _OSI(Processor Device)
Apr 17 18:35:51 lfs-ulayus kernel: [    0.224511] ACPI: Added _OSI(3.0 _SCP Extensions)
Apr 17 18:35:51 lfs-ulayus kernel: [    0.224969] ACPI: Added _OSI(Processor Aggregator Device)
Apr 17 18:35:51 lfs-ulayus kernel: [    0.226913] ACPI: 2 ACPI AML tables successfully acquired and loaded
Apr 17 18:35:51 lfs-ulayus kernel: [    0.228539] ACPI: _OSC evaluation for CPUs failed, trying _PDC
Apr 17 18:35:51 lfs-ulayus kernel: [    0.228539] ACPI: Interpreter enabled
Apr 17 18:35:51 lfs-ulayus kernel: [    0.228632] ACPI: PM: (supports S0 S5)
Apr 17 18:35:51 lfs-ulayus kernel: [    0.228970] ACPI: Using IOAPIC for interrupt routing
Apr 17 18:35:51 lfs-ulayus kernel: [    0.229391] PCI: Using host bridge windows from ACPI; if necessary, use "pci=nocrs" and report a bug
Apr 17 18:35:51 lfs-ulayus kernel: [    0.229971] PCI: Using E820 reservations for host bridge windows
Apr 17 18:35:51 lfs-ulayus kernel: [    0.230361] ACPI: Enabled 2 GPEs in block 00 to 07
Apr 17 18:35:51 lfs-ulayus kernel: [    0.234486] ACPI: PCI Root Bridge [PCI0] (domain 0000 [bus 00-ff])
Apr 17 18:35:51 lfs-ulayus kernel: [    0.234787] acpi PNP0A03:00: _OSC: OS supports [ExtendedConfig ASPM ClockPM Segments MSI HPX-Type3]
Apr 17 18:35:51 lfs-ulayus kernel: [    0.235308] acpi PNP0A03:00: _OSC: platform does not support [PCIeCapability LTR]
Apr 17 18:35:51 lfs-ulayus kernel: [    0.236266] acpi PNP0A03:00: _OSC: not requesting control; platform does not support [PCIeCapability]
Apr 17 18:35:51 lfs-ulayus kernel: [    0.236726] acpi PNP0A03:00: _OSC: OS requested [PME PCIeCapability LTR]
Apr 17 18:35:51 lfs-ulayus kernel: [    0.236969] acpi PNP0A03:00: _OSC: platform willing to grant [PME]
Apr 17 18:35:51 lfs-ulayus kernel: [    0.237266] acpi PNP0A03:00: _OSC: platform retains control of PCIe features (AE_SUPPORT)
Apr 17 18:35:51 lfs-ulayus kernel: [    0.237793] PCI host bridge to bus 0000:00
Apr 17 18:35:51 lfs-ulayus kernel: [    0.238970] pci_bus 0000:00: root bus resource [io  0x0000-0x0cf7 window]
Apr 17 18:35:51 lfs-ulayus kernel: [    0.239301] pci_bus 0000:00: root bus resource [io  0x0d00-0xffff window]
Apr 17 18:35:51 lfs-ulayus kernel: [    0.239301] pci_bus 0000:00: root bus resource [mem 0x000a0000-0x000bffff window]
Apr 17 18:35:51 lfs-ulayus kernel: [    0.239383] pci_bus 0000:00: root bus resource [mem 0xe0000000-0xfdffffff window]
Apr 17 18:35:51 lfs-ulayus kernel: [    0.239792] pci_bus 0000:00: root bus resource [bus 00-ff]
Apr 17 18:35:51 lfs-ulayus kernel: [    0.240151] pci 0000:00:00.0: [8086:1237] type 00 class 0x060000
Apr 17 18:35:51 lfs-ulayus kernel: [    0.240718] pci 0000:00:01.0: [8086:7000] type 00 class 0x060100
Apr 17 18:35:51 lfs-ulayus kernel: [    0.241294] pci 0000:00:01.1: [8086:7111] type 00 class 0x01018a
Apr 17 18:35:51 lfs-ulayus kernel: [    0.241737] pci 0000:00:01.1: reg 0x20: [io  0xd000-0xd00f]
Apr 17 18:35:51 lfs-ulayus kernel: [    0.242036] pci 0000:00:01.1: legacy IDE quirk: reg 0x10: [io  0x01f0-0x01f7]
Apr 17 18:35:51 lfs-ulayus kernel: [    0.242359] pci 0000:00:01.1: legacy IDE quirk: reg 0x14: [io  0x03f6]
Apr 17 18:35:51 lfs-ulayus kernel: [    0.242664] pci 0000:00:01.1: legacy IDE quirk: reg 0x18: [io  0x0170-0x0177]
Apr 17 18:35:51 lfs-ulayus kernel: [    0.242969] pci 0000:00:01.1: legacy IDE quirk: reg 0x1c: [io  0x0376]
Apr 17 18:35:51 lfs-ulayus kernel: [    0.243362] pci 0000:00:02.0: [15ad:0405] type 00 class 0x030000
Apr 17 18:35:51 lfs-ulayus kernel: [    0.244130] pci 0000:00:02.0: reg 0x10: [io  0xd010-0xd01f]
Apr 17 18:35:51 lfs-ulayus kernel: [    0.245129] pci 0000:00:02.0: reg 0x14: [mem 0xe0000000-0xe0ffffff pref]
Apr 17 18:35:51 lfs-ulayus kernel: [    0.246968] pci 0000:00:02.0: reg 0x18: [mem 0xf0000000-0xf01fffff]
Apr 17 18:35:51 lfs-ulayus kernel: [    0.248968] pci 0000:00:02.0: Video device with shadowed ROM at [mem 0x000c0000-0x000dffff]
Apr 17 18:35:51 lfs-ulayus kernel: [    0.250310] pci 0000:00:03.0: [8086:100e] type 00 class 0x020000
Apr 17 18:35:51 lfs-ulayus kernel: [    0.251968] pci 0000:00:03.0: reg 0x10: [mem 0xf0200000-0xf021ffff]
Apr 17 18:35:51 lfs-ulayus kernel: [    0.252968] pci 0000:00:03.0: reg 0x18: [io  0xd020-0xd027]
Apr 17 18:35:51 lfs-ulayus kernel: [    0.254968] pci 0000:00:04.0: [80ee:cafe] type 00 class 0x088000
Apr 17 18:35:51 lfs-ulayus kernel: [    0.256968] pci 0000:00:04.0: reg 0x10: [io  0xd040-0xd05f]
Apr 17 18:35:51 lfs-ulayus kernel: [    0.256968] pci 0000:00:04.0: reg 0x14: [mem 0xf0400000-0xf07fffff]
Apr 17 18:35:51 lfs-ulayus kernel: [    0.257968] pci 0000:00:04.0: reg 0x18: [mem 0xf0800000-0xf0803fff pref]
Apr 17 18:35:51 lfs-ulayus kernel: [    0.259968] pci 0000:00:05.0: [8086:2415] type 00 class 0x040100
Apr 17 18:35:51 lfs-ulayus kernel: [    0.261023] pci 0000:00:05.0: reg 0x10: [io  0xd100-0xd1ff]
Apr 17 18:35:51 lfs-ulayus kernel: [    0.261023] pci 0000:00:05.0: reg 0x14: [io  0xd200-0xd23f]
Apr 17 18:35:51 lfs-ulayus kernel: [    0.261513] pci 0000:00:06.0: [106b:003f] type 00 class 0x0c0310
Apr 17 18:35:51 lfs-ulayus kernel: [    0.262968] pci 0000:00:06.0: reg 0x10: [mem 0xf0804000-0xf0804fff]
Apr 17 18:35:51 lfs-ulayus kernel: [    0.265968] pci 0000:00:07.0: [8086:7113] type 00 class 0x068000
Apr 17 18:35:51 lfs-ulayus kernel: [    0.267276] pci 0000:00:07.0: quirk: [io  0x4000-0x403f] claimed by PIIX4 ACPI
Apr 17 18:35:51 lfs-ulayus kernel: [    0.267973] pci 0000:00:07.0: quirk: [io  0x4100-0x410f] claimed by PIIX4 SMB
Apr 17 18:35:51 lfs-ulayus kernel: [    0.268420] pci 0000:00:0b.0: [8086:265c] type 00 class 0x0c0320
Apr 17 18:35:51 lfs-ulayus kernel: [    0.269968] pci 0000:00:0b.0: reg 0x10: [mem 0xf0805000-0xf0805fff]
Apr 17 18:35:51 lfs-ulayus kernel: [    0.272314] pci 0000:00:0d.0: [8086:2829] type 00 class 0x010601
Apr 17 18:35:51 lfs-ulayus kernel: [    0.273968] pci 0000:00:0d.0: reg 0x10: [io  0xd240-0xd247]
Apr 17 18:35:51 lfs-ulayus kernel: [    0.274968] pci 0000:00:0d.0: reg 0x14: [io  0xd248-0xd24b]
Apr 17 18:35:51 lfs-ulayus kernel: [    0.276005] pci 0000:00:0d.0: reg 0x18: [io  0xd250-0xd257]
Apr 17 18:35:51 lfs-ulayus kernel: [    0.276968] pci 0000:00:0d.0: reg 0x1c: [io  0xd258-0xd25b]
Apr 17 18:35:51 lfs-ulayus kernel: [    0.277968] pci 0000:00:0d.0: reg 0x20: [io  0xd260-0xd26f]
Apr 17 18:35:51 lfs-ulayus kernel: [    0.278009] pci 0000:00:0d.0: reg 0x24: [mem 0xf0806000-0xf0807fff]
Apr 17 18:35:51 lfs-ulayus kernel: [    0.281367] ACPI: PCI: Interrupt link LNKA configured for IRQ 11
Apr 17 18:35:51 lfs-ulayus kernel: [    0.282164] ACPI: PCI: Interrupt link LNKB configured for IRQ 10
Apr 17 18:35:51 lfs-ulayus kernel: [    0.282519] ACPI: PCI: Interrupt link LNKC configured for IRQ 9
Apr 17 18:35:51 lfs-ulayus kernel: [    0.283027] ACPI: PCI: Interrupt link LNKD configured for IRQ 11
Apr 17 18:35:51 lfs-ulayus kernel: [    0.283427] iommu: Default domain type: Translated
Apr 17 18:35:51 lfs-ulayus kernel: [    0.283969] iommu: DMA domain TLB invalidation policy: lazy mode
Apr 17 18:35:51 lfs-ulayus kernel: [    0.284319] SCSI subsystem initialized
Apr 17 18:35:51 lfs-ulayus kernel: [    0.285002] libata version 3.00 loaded.
Apr 17 18:35:51 lfs-ulayus kernel: [    0.285003] ACPI: bus type USB registered
Apr 17 18:35:51 lfs-ulayus kernel: [    0.285254] usbcore: registered new interface driver usbfs
Apr 17 18:35:51 lfs-ulayus kernel: [    0.285975] usbcore: registered new interface driver hub
Apr 17 18:35:51 lfs-ulayus kernel: [    0.286260] usbcore: registered new device driver usb
Apr 17 18:35:51 lfs-ulayus kernel: [    0.286569] pps_core: LinuxPPS API ver. 1 registered
Apr 17 18:35:51 lfs-ulayus kernel: [    0.286970] pps_core: Software ver. 5.3.6 - Copyright 2005-2007 Rodolfo Giometti <giometti@linux.it>
Apr 17 18:35:51 lfs-ulayus kernel: [    0.287442] PTP clock support registered
Apr 17 18:35:51 lfs-ulayus kernel: [    0.289007] Advanced Linux Sound Architecture Driver Initialized.
Apr 17 18:35:51 lfs-ulayus kernel: [    0.289162] NetLabel: Initializing
Apr 17 18:35:51 lfs-ulayus kernel: [    0.289371] NetLabel:  domain hash size = 128
Apr 17 18:35:51 lfs-ulayus kernel: [    0.289969] NetLabel:  protocols = UNLABELED CIPSOv4 CALIPSO
Apr 17 18:35:51 lfs-ulayus kernel: [    0.290268] NetLabel:  unlabeled traffic allowed by default
Apr 17 18:35:51 lfs-ulayus kernel: [    0.290998] PCI: Using ACPI for IRQ routing
Apr 17 18:35:51 lfs-ulayus kernel: [    0.290998] PCI: pci_cache_line_size set to 64 bytes
Apr 17 18:35:51 lfs-ulayus kernel: [    0.291082] e820: reserve RAM buffer [mem 0x0009fc00-0x0009ffff]
Apr 17 18:35:51 lfs-ulayus kernel: [    0.291084] e820: reserve RAM buffer [mem 0xdfff0000-0xdfffffff]
Apr 17 18:35:51 lfs-ulayus kernel: [    0.291980] pci 0000:00:02.0: vgaarb: setting as boot VGA device
Apr 17 18:35:51 lfs-ulayus kernel: [    0.292268] pci 0000:00:02.0: vgaarb: bridge control possible
Apr 17 18:35:51 lfs-ulayus kernel: [    0.292547] pci 0000:00:02.0: vgaarb: VGA device added: decodes=io+mem,owns=io+mem,locks=none
Apr 17 18:35:51 lfs-ulayus kernel: [    0.292972] vgaarb: loaded
Apr 17 18:35:51 lfs-ulayus kernel: [    0.293390] clocksource: Switched to clocksource kvm-clock
Apr 17 18:35:51 lfs-ulayus kernel: [    0.294566] VFS: Disk quotas dquot_6.6.0
Apr 17 18:35:51 lfs-ulayus kernel: [    0.294850] VFS: Dquot-cache hash table entries: 512 (order 0, 4096 bytes)
Apr 17 18:35:51 lfs-ulayus kernel: [    0.295402] pnp: PnP ACPI init
Apr 17 18:35:51 lfs-ulayus kernel: [    0.296173] pnp: PnP ACPI: found 2 devices
Apr 17 18:35:51 lfs-ulayus kernel: [    0.304597] clocksource: acpi_pm: mask: 0xffffff max_cycles: 0xffffff, max_idle_ns: 2085701024 ns
Apr 17 18:35:51 lfs-ulayus kernel: [    0.305092] NET: Registered PF_INET protocol family
Apr 17 18:35:51 lfs-ulayus kernel: [    0.305595] IP idents hash table entries: 131072 (order: 8, 1048576 bytes, linear)
Apr 17 18:35:51 lfs-ulayus kernel: [    0.306930] tcp_listen_portaddr_hash hash table entries: 4096 (order: 4, 65536 bytes, linear)
Apr 17 18:35:51 lfs-ulayus kernel: [    0.307394] Table-perturb hash table entries: 65536 (order: 6, 262144 bytes, linear)
Apr 17 18:35:51 lfs-ulayus kernel: [    0.307821] TCP established hash table entries: 65536 (order: 7, 524288 bytes, linear)
Apr 17 18:35:51 lfs-ulayus kernel: [    0.308291] TCP bind hash table entries: 65536 (order: 9, 2097152 bytes, linear)
Apr 17 18:35:51 lfs-ulayus kernel: [    0.308949] TCP: Hash tables configured (established 65536 bind 65536)
Apr 17 18:35:51 lfs-ulayus kernel: [    0.309294] UDP hash table entries: 4096 (order: 5, 131072 bytes, linear)
Apr 17 18:35:51 lfs-ulayus kernel: [    0.309630] UDP-Lite hash table entries: 4096 (order: 5, 131072 bytes, linear)
Apr 17 18:35:51 lfs-ulayus kernel: [    0.310262] NET: Registered PF_UNIX/PF_LOCAL protocol family
Apr 17 18:35:51 lfs-ulayus kernel: [    0.310724] RPC: Registered named UNIX socket transport module.
Apr 17 18:35:51 lfs-ulayus kernel: [    0.311011] RPC: Registered udp transport module.
Apr 17 18:35:51 lfs-ulayus kernel: [    0.311262] RPC: Registered tcp transport module.
Apr 17 18:35:51 lfs-ulayus kernel: [    0.311514] RPC: Registered tcp-with-tls transport module.
Apr 17 18:35:51 lfs-ulayus kernel: [    0.311788] RPC: Registered tcp NFSv4.1 backchannel transport module.
Apr 17 18:35:51 lfs-ulayus kernel: [    0.312467] pci_bus 0000:00: resource 4 [io  0x0000-0x0cf7 window]
Apr 17 18:35:51 lfs-ulayus kernel: [    0.312764] pci_bus 0000:00: resource 5 [io  0x0d00-0xffff window]
Apr 17 18:35:51 lfs-ulayus kernel: [    0.313058] pci_bus 0000:00: resource 6 [mem 0x000a0000-0x000bffff window]
Apr 17 18:35:51 lfs-ulayus kernel: [    0.313382] pci_bus 0000:00: resource 7 [mem 0xe0000000-0xfdffffff window]
Apr 17 18:35:51 lfs-ulayus kernel: [    0.313723] pci 0000:00:00.0: Limiting direct PCI/PCI transfers
Apr 17 18:35:51 lfs-ulayus kernel: [    0.314377] PCI: CLS 0 bytes, default 64
Apr 17 18:35:51 lfs-ulayus kernel: [    0.314377] PCI-DMA: Using software bounce buffering for IO (SWIOTLB)
Apr 17 18:35:51 lfs-ulayus kernel: [    0.316279] software IO TLB: mapped [mem 0x00000000dbff0000-0x00000000dfff0000] (64MB)
Apr 17 18:35:51 lfs-ulayus kernel: [    0.316724] clocksource: tsc: mask: 0xffffffffffffffff max_cycles: 0x325aceb79c6, max_idle_ns: 440795283884 ns
Apr 17 18:35:51 lfs-ulayus kernel: [    0.317255] clocksource: Switched to clocksource tsc
Apr 17 18:35:51 lfs-ulayus kernel: [    0.317539] platform rtc_cmos: registered platform RTC device (no PNP device found)
Apr 17 18:35:51 lfs-ulayus kernel: [    0.319026] Initialise system trusted keyrings
Apr 17 18:35:51 lfs-ulayus kernel: [    0.319327] workingset: timestamp_bits=40 max_order=21 bucket_order=0
Apr 17 18:35:51 lfs-ulayus kernel: [    0.319744] NFS: Registering the id_resolver key type
Apr 17 18:35:51 lfs-ulayus kernel: [    0.320007] Key type id_resolver registered
Apr 17 18:35:51 lfs-ulayus kernel: [    0.320251] Key type id_legacy registered
Apr 17 18:35:51 lfs-ulayus kernel: [    0.320718] 9p: Installing v9fs 9p2000 file system support
Apr 17 18:35:51 lfs-ulayus kernel: [    0.324274] Key type asymmetric registered
Apr 17 18:35:51 lfs-ulayus kernel: [    0.324274] Asymmetric key parser 'x509' registered
Apr 17 18:35:51 lfs-ulayus kernel: [    0.324274] Block layer SCSI generic (bsg) driver version 0.4 loaded (major 251)
Apr 17 18:35:51 lfs-ulayus kernel: [    0.324274] io scheduler mq-deadline registered
Apr 17 18:35:51 lfs-ulayus kernel: [    0.324274] io scheduler kyber registered
Apr 17 18:35:51 lfs-ulayus kernel: [    0.332532] ACPI: AC: AC Adapter [AC] (on-line)
Apr 17 18:35:51 lfs-ulayus kernel: [    0.332841] input: Power Button as /devices/LNXSYSTM:00/LNXPWRBN:00/input/input0
Apr 17 18:35:51 lfs-ulayus kernel: [    0.333343] ACPI: button: Power Button [PWRF]
Apr 17 18:35:51 lfs-ulayus kernel: [    0.333614] input: Sleep Button as /devices/LNXSYSTM:00/LNXSLPBN:00/input/input1
Apr 17 18:35:51 lfs-ulayus kernel: [    0.334041] ACPI: button: Sleep Button [SLPF]
Apr 17 18:35:51 lfs-ulayus kernel: [    0.334324] ACPI: video: Video Device [GFX0] (multi-head: yes  rom: no  post: no)
Apr 17 18:35:51 lfs-ulayus kernel: [    0.334324] input: Video Bus as /devices/LNXSYSTM:00/LNXSYBUS:00/PNP0A03:00/LNXVIDEO:00/input/input2
Apr 17 18:35:51 lfs-ulayus kernel: [    0.335583] Serial: 8250/16550 driver, 4 ports, IRQ sharing enabled
Apr 17 18:35:51 lfs-ulayus kernel: [    0.336537] Non-volatile memory driver v1.3
Apr 17 18:35:51 lfs-ulayus kernel: [    0.336751] ACPI: battery: Slot [BAT0] (battery present)
Apr 17 18:35:51 lfs-ulayus kernel: [    0.336775] Linux agpgart interface v0.103
Apr 17 18:35:51 lfs-ulayus kernel: [    0.339995] ACPI: bus type drm_connector registered
Apr 17 18:35:51 lfs-ulayus kernel: [    0.342612] loop: module loaded
Apr 17 18:35:51 lfs-ulayus kernel: [    0.343157] ahci 0000:00:0d.0: version 3.0
Apr 17 18:35:51 lfs-ulayus kernel: [    0.343768] ahci 0000:00:0d.0: SSS flag set, parallel bus scan disabled
Apr 17 18:35:51 lfs-ulayus kernel: [    0.344194] ahci 0000:00:0d.0: AHCI 0001.0100 32 slots 1 ports 3 Gbps 0x1 impl SATA mode
Apr 17 18:35:51 lfs-ulayus kernel: [    0.344633] ahci 0000:00:0d.0: flags: 64bit ncq stag only ccc 
Apr 17 18:35:51 lfs-ulayus kernel: [    0.345243] scsi host0: ahci
Apr 17 18:35:51 lfs-ulayus kernel: [    0.345499] ata1: SATA max UDMA/133 abar m8192@0xf0806000 port 0xf0806100 irq 21 lpm-pol 0
Apr 17 18:35:51 lfs-ulayus kernel: [    0.345951] ata_piix 0000:00:01.1: version 2.13
Apr 17 18:35:51 lfs-ulayus kernel: [    0.346415] scsi host1: ata_piix
Apr 17 18:35:51 lfs-ulayus kernel: [    0.346779] scsi host2: ata_piix
Apr 17 18:35:51 lfs-ulayus kernel: [    0.347015] ata2: PATA max UDMA/33 cmd 0x1f0 ctl 0x3f6 bmdma 0xd000 irq 14 lpm-pol 0
Apr 17 18:35:51 lfs-ulayus kernel: [    0.347704] ata3: PATA max UDMA/33 cmd 0x170 ctl 0x376 bmdma 0xd008 irq 15 lpm-pol 0
Apr 17 18:35:51 lfs-ulayus kernel: [    0.348376] e100: Intel(R) PRO/100 Network Driver
Apr 17 18:35:51 lfs-ulayus kernel: [    0.348629] e100: Copyright(c) 1999-2006 Intel Corporation
Apr 17 18:35:51 lfs-ulayus kernel: [    0.348908] e1000: Intel(R) PRO/1000 Network Driver
Apr 17 18:35:51 lfs-ulayus kernel: [    0.349161] e1000: Copyright (c) 1999-2006 Intel Corporation.
Apr 17 18:35:51 lfs-ulayus kernel: [    0.677174] ata1: SATA link up 3.0 Gbps (SStatus 123 SControl 300)
Apr 17 18:35:51 lfs-ulayus kernel: [    0.678060] ata1.00: ATA-6: VBOX HARDDISK, 1.0, max UDMA/133
Apr 17 18:35:51 lfs-ulayus kernel: [    0.678364] ata1.00: 41943040 sectors, multi 128: LBA48 NCQ (depth 32)
Apr 17 18:35:51 lfs-ulayus kernel: [    0.678786] ata1.00: configured for UDMA/133
Apr 17 18:35:51 lfs-ulayus kernel: [    0.679360] scsi 0:0:0:0: Direct-Access     ATA      VBOX HARDDISK    1.0  PQ: 0 ANSI: 5
Apr 17 18:35:51 lfs-ulayus kernel: [    0.680565] scsi 0:0:0:0: Attached scsi generic sg0 type 0
Apr 17 18:35:51 lfs-ulayus kernel: [    0.680760] sd 0:0:0:0: [sda] 41943040 512-byte logical blocks: (21.5 GB/20.0 GiB)
Apr 17 18:35:51 lfs-ulayus kernel: [    0.681559] sd 0:0:0:0: [sda] Write Protect is off
Apr 17 18:35:51 lfs-ulayus kernel: [    0.681933] sd 0:0:0:0: [sda] Mode Sense: 00 3a 00 00
Apr 17 18:35:51 lfs-ulayus kernel: [    0.681982] sd 0:0:0:0: [sda] Write cache: enabled, read cache: enabled, doesn't support DPO or FUA
Apr 17 18:35:51 lfs-ulayus kernel: [    0.682625] sd 0:0:0:0: [sda] Preferred minimum I/O size 512 bytes
Apr 17 18:35:51 lfs-ulayus kernel: [    0.685607]  sda: sda1 sda2 sda3
Apr 17 18:35:51 lfs-ulayus kernel: [    0.686035] sd 0:0:0:0: [sda] Attached SCSI disk
Apr 17 18:35:51 lfs-ulayus kernel: [    0.725839] e1000 0000:00:03.0 eth0: (PCI:33MHz:32-bit) 08:00:27:e1:07:24
Apr 17 18:35:51 lfs-ulayus kernel: [    0.725839] e1000 0000:00:03.0 eth0: Intel(R) PRO/1000 Network Connection
Apr 17 18:35:51 lfs-ulayus kernel: [    0.725839] e1000e: Intel(R) PRO/1000 Network Driver
Apr 17 18:35:51 lfs-ulayus kernel: [    0.725839] e1000e: Copyright(c) 1999 - 2015 Intel Corporation.
Apr 17 18:35:51 lfs-ulayus kernel: [    0.725839] sky2: driver version 1.30
Apr 17 18:35:51 lfs-ulayus kernel: [    0.728760] ohci-pci 0000:00:06.0: OHCI PCI host controller
Apr 17 18:35:51 lfs-ulayus kernel: [    0.729112] ohci-pci 0000:00:06.0: new USB bus registered, assigned bus number 1
Apr 17 18:35:51 lfs-ulayus kernel: [    0.729597] ohci-pci 0000:00:06.0: irq 22, io mem 0xf0804000
Apr 17 18:35:51 lfs-ulayus kernel: [    1.068159] usb usb1: New USB device found, idVendor=1d6b, idProduct=0001, bcdDevice= 6.07
Apr 17 18:35:51 lfs-ulayus kernel: [    1.068697] usb usb1: New USB device strings: Mfr=3, Product=2, SerialNumber=1
Apr 17 18:35:51 lfs-ulayus kernel: [    1.068867] usb usb1: Product: OHCI PCI host controller
Apr 17 18:35:51 lfs-ulayus kernel: [    1.068867] usb usb1: Manufacturer: Linux 6.7.4 ohci_hcd
Apr 17 18:35:51 lfs-ulayus kernel: [    1.068867] usb usb1: SerialNumber: 0000:00:06.0
Apr 17 18:35:51 lfs-ulayus kernel: [    1.070130] hub 1-0:1.0: USB hub found
Apr 17 18:35:51 lfs-ulayus kernel: [    1.070367] hub 1-0:1.0: 12 ports detected
Apr 17 18:35:51 lfs-ulayus kernel: [    1.071031] ehci-pci 0000:00:0b.0: EHCI Host Controller
Apr 17 18:35:51 lfs-ulayus kernel: [    1.071076] usbcore: registered new interface driver usblp
Apr 17 18:35:51 lfs-ulayus kernel: [    1.071453] ehci-pci 0000:00:0b.0: new USB bus registered, assigned bus number 2
Apr 17 18:35:51 lfs-ulayus kernel: [    1.071620] usbcore: registered new interface driver usb-storage
Apr 17 18:35:51 lfs-ulayus kernel: [    1.072687] ehci-pci 0000:00:0b.0: irq 19, io mem 0xf0805000
Apr 17 18:35:51 lfs-ulayus kernel: [    1.072816] i8042: PNP: PS/2 Controller [PNP0303:PS2K,PNP0f03:PS2M] at 0x60,0x64 irq 1,12
Apr 17 18:35:51 lfs-ulayus kernel: [    1.074062] serio: i8042 KBD port at 0x60,0x64 irq 1
Apr 17 18:35:51 lfs-ulayus kernel: [    1.074356] serio: i8042 AUX port at 0x60,0x64 irq 12
Apr 17 18:35:51 lfs-ulayus kernel: [    1.075183] input: AT Translated Set 2 keyboard as /devices/platform/i8042/serio0/input/input3
Apr 17 18:35:51 lfs-ulayus kernel: [    1.076155] rtc_cmos rtc_cmos: registered as rtc0
Apr 17 18:35:51 lfs-ulayus kernel: [    1.076463] rtc_cmos rtc_cmos: alarms up to one day, 114 bytes nvram
Apr 17 18:35:51 lfs-ulayus kernel: [    1.076797] fail to initialize ptp_kvm
Apr 17 18:35:51 lfs-ulayus kernel: [    1.076867] device-mapper: ioctl: 4.48.0-ioctl (2023-03-01) initialised: dm-devel@redhat.com
Apr 17 18:35:51 lfs-ulayus kernel: [    1.077581] hid: raw HID events driver (C) Jiri Kosina
Apr 17 18:35:51 lfs-ulayus kernel: [    1.077981] usbcore: registered new interface driver usbhid
Apr 17 18:35:51 lfs-ulayus kernel: [    1.078296] usbhid: USB HID core driver
Apr 17 18:35:51 lfs-ulayus kernel: [    1.079424] ehci-pci 0000:00:0b.0: USB 2.0 started, EHCI 1.00
Apr 17 18:35:51 lfs-ulayus kernel: [    1.079877] Initializing XFRM netlink socket
Apr 17 18:35:51 lfs-ulayus kernel: [    1.080118] usb usb2: New USB device found, idVendor=1d6b, idProduct=0002, bcdDevice= 6.07
Apr 17 18:35:51 lfs-ulayus kernel: [    1.080345] NET: Registered PF_INET6 protocol family
Apr 17 18:35:51 lfs-ulayus kernel: [    1.080769] usb usb2: New USB device strings: Mfr=3, Product=2, SerialNumber=1
Apr 17 18:35:51 lfs-ulayus kernel: [    1.081509] Segment Routing with IPv6
Apr 17 18:35:51 lfs-ulayus kernel: [    1.081576] usb usb2: Product: EHCI Host Controller
Apr 17 18:35:51 lfs-ulayus kernel: [    1.081787] In-situ OAM (IOAM) with IPv6
Apr 17 18:35:51 lfs-ulayus kernel: [    1.082036] usb usb2: Manufacturer: Linux 6.7.4 ehci_hcd
Apr 17 18:35:51 lfs-ulayus kernel: [    1.082302] sit: IPv6, IPv4 and MPLS over IPv4 tunneling driver
Apr 17 18:35:51 lfs-ulayus kernel: [    1.082546] usb usb2: SerialNumber: 0000:00:0b.0
Apr 17 18:35:51 lfs-ulayus kernel: [    1.082926] NET: Registered PF_PACKET protocol family
Apr 17 18:35:51 lfs-ulayus kernel: [    1.083187] hub 2-0:1.0: USB hub found
Apr 17 18:35:51 lfs-ulayus kernel: [    1.083360] 9pnet: Installing 9P2000 support
Apr 17 18:35:51 lfs-ulayus kernel: [    1.083568] hub 2-0:1.0: 12 ports detected
Apr 17 18:35:51 lfs-ulayus kernel: [    1.083814] Key type dns_resolver registered
Apr 17 18:35:51 lfs-ulayus kernel: [    1.084585] IPI shorthand broadcast: enabled
Apr 17 18:35:51 lfs-ulayus kernel: [    1.087780] sched_clock: Marking stable (1046031163, 41256157)->(1163629974, -76342654)
Apr 17 18:35:51 lfs-ulayus kernel: [    1.088395] registered taskstats version 1
Apr 17 18:35:51 lfs-ulayus kernel: [    1.088640] Loading compiled-in X.509 certificates
Apr 17 18:35:51 lfs-ulayus kernel: [    1.090929] PM:   Magic number: 4:990:590
Apr 17 18:35:51 lfs-ulayus kernel: [    1.091198] printk: legacy console [netcon0] enabled
Apr 17 18:35:51 lfs-ulayus kernel: [    1.091479] netconsole: network logging started
Apr 17 18:35:51 lfs-ulayus kernel: [    1.091770] cfg80211: Loading compiled-in X.509 certificates for regulatory database
Apr 17 18:35:51 lfs-ulayus kernel: [    1.092436] kworker/u8:3 (70) used greatest stack depth: 14352 bytes left
Apr 17 18:35:51 lfs-ulayus kernel: [    1.092792] Loaded X.509 cert 'sforshee: 00b28ddf47aef9cea7'
Apr 17 18:35:51 lfs-ulayus kernel: [    1.093435] Loaded X.509 cert 'wens: 61c038651aabdcf94bd0ac7ff06c7248db18c600'
Apr 17 18:35:51 lfs-ulayus kernel: [    1.093848] ALSA device list:
Apr 17 18:35:51 lfs-ulayus kernel: [    1.094044]   No soundcards found.
Apr 17 18:35:51 lfs-ulayus kernel: [    1.094311] platform regulatory.0: Direct firmware load for regulatory.db failed with error -2
Apr 17 18:35:51 lfs-ulayus kernel: [    1.094752] cfg80211: failed to load regulatory.db
Apr 17 18:35:51 lfs-ulayus kernel: [    1.296815] input: ImExPS/2 Generic Explorer Mouse as /devices/platform/i8042/serio1/input/input5
Apr 17 18:35:51 lfs-ulayus kernel: [    1.297503] md: Waiting for all devices to be available before autodetect
Apr 17 18:35:51 lfs-ulayus kernel: [    1.297842] md: If you don't use raid, use raid=noautodetect
Apr 17 18:35:51 lfs-ulayus kernel: [    1.298135] md: Autodetecting RAID arrays.
Apr 17 18:35:51 lfs-ulayus kernel: [    1.298428] md: autorun ...
Apr 17 18:35:51 lfs-ulayus kernel: [    1.300072] md: ... autorun DONE.
Apr 17 18:35:51 lfs-ulayus kernel: [    1.338600] EXT4-fs (sda3): orphan cleanup on readonly fs
Apr 17 18:35:51 lfs-ulayus kernel: [    1.339135] EXT4-fs (sda3): mounted filesystem b0067cf0-3fd2-438d-96de-de58bfaec138 ro with ordered data mode. Quota mode: none.
Apr 17 18:35:51 lfs-ulayus kernel: [    1.339692] VFS: Mounted root (ext4 filesystem) readonly on device 8:3.
Apr 17 18:35:51 lfs-ulayus kernel: [    1.340278] devtmpfs: mounted
Apr 17 18:35:51 lfs-ulayus kernel: [    1.341276] Freeing unused kernel image (initmem) memory: 2680K
Apr 17 18:35:51 lfs-ulayus kernel: [    1.428995] Write protecting the kernel read-only data: 26624k
Apr 17 18:35:51 lfs-ulayus kernel: [    1.430194] Freeing unused kernel image (rodata/data gap) memory: 1540K
Apr 17 18:35:51 lfs-ulayus kernel: [    1.479795] usb 1-1: new full-speed USB device number 2 using ohci-pci
Apr 17 18:35:51 lfs-ulayus kernel: [    1.481149] x86/mm: Checked W+X mappings: passed, no W+X pages found.
Apr 17 18:35:51 lfs-ulayus kernel: [    1.481495] Run /sbin/init as init process
Apr 17 18:35:51 lfs-ulayus kernel: [    1.481729]   with arguments:
Apr 17 18:35:51 lfs-ulayus kernel: [    1.481730]     /sbin/init
Apr 17 18:35:51 lfs-ulayus kernel: [    1.481731]   with environment:
Apr 17 18:35:51 lfs-ulayus kernel: [    1.481732]     HOME=/
Apr 17 18:35:51 lfs-ulayus kernel: [    1.481732]     TERM=linux
Apr 17 18:35:51 lfs-ulayus kernel: [    1.481736]     BOOT_IMAGE=/vmlinuz-6.7.4-lfs-12.1
Apr 17 18:35:51 lfs-ulayus kernel: [    1.507014] stty (79) used greatest stack depth: 12848 bytes left
Apr 17 18:35:51 lfs-ulayus kernel: [    1.512604] dmesg (80) used greatest stack depth: 12784 bytes left
Apr 17 18:35:51 lfs-ulayus kernel: [    1.607896] ip (181) used greatest stack depth: 12608 bytes left
Apr 17 18:35:51 lfs-ulayus kernel: <30>[    1.637172] udevd[206]: Starting systemd-udevd version 255
Apr 17 18:35:51 lfs-ulayus kernel: <30>[    1.642675] udevd[207]: Using default interface naming scheme 'v255'.
Apr 17 18:35:51 lfs-ulayus kernel: [    1.701879] e1000 0000:00:03.0 enp0s3: renamed from eth0
Apr 17 18:35:51 lfs-ulayus kernel: [    1.727369] usb 1-1: New USB device found, idVendor=80ee, idProduct=0021, bcdDevice= 1.00
Apr 17 18:35:51 lfs-ulayus kernel: [    1.727830] usb 1-1: New USB device strings: Mfr=1, Product=3, SerialNumber=0
Apr 17 18:35:51 lfs-ulayus kernel: [    1.728531] usb 1-1: Product: USB Tablet
Apr 17 18:35:51 lfs-ulayus kernel: [    1.728992] usb 1-1: Manufacturer: VirtualBox
Apr 17 18:35:51 lfs-ulayus kernel: [    1.740135] input: VirtualBox USB Tablet as /devices/pci0000:00/0000:00:06.0/usb1/1-1/1-1:1.0/0003:80EE:0021.0001/input/input6
Apr 17 18:35:51 lfs-ulayus kernel: [    1.741287] hid-generic 0003:80EE:0021.0001: input,hidraw0: USB HID v1.10 Mouse [VirtualBox USB Tablet] on usb-0000:00:06.0-1/input0
Apr 17 18:35:51 lfs-ulayus kernel: [    2.562416] Adding 2097148k swap on /dev/sda2.  Priority:1 extents:1 across:2097148k 
Apr 17 18:35:51 lfs-ulayus kernel: [    2.593392] EXT4-fs (sda3): re-mounted b0067cf0-3fd2-438d-96de-de58bfaec138 ro. Quota mode: none.
Apr 17 18:35:51 lfs-ulayus kernel: [    2.664241] EXT4-fs (sda3): re-mounted b0067cf0-3fd2-438d-96de-de58bfaec138 r/w. Quota mode: none.
Apr 17 18:35:51 lfs-ulayus kernel: [    2.674863] EXT4-fs (sda1): mounted filesystem 3140652f-dc11-4544-83f6-c779750d95a4 r/w without journal. Quota mode: none.
Apr 17 18:37:50 lfs-ulayus kernel: Kernel logging (proc) stopped.
Apr 17 18:37:50 lfs-ulayus kernel: Kernel log daemon terminating.
May 28 14:00:07 lfs-ulayus kernel: klogd 1.5.1, log source = /proc/kmsg started.
May 28 14:00:07 lfs-ulayus kernel: Inspecting /boot/System.map-6.7.4
May 28 14:00:07 lfs-ulayus kernel: Cannot find map file.
May 28 14:00:07 lfs-ulayus kernel: Loaded 169302 symbols from 1 module.
May 28 14:00:07 lfs-ulayus kernel: [    0.000000] Linux version 6.7.4 (root@archiso) (gcc (GCC) 13.2.0, GNU ld (GNU Binutils) 2.42) #1 SMP PREEMPT_DYNAMIC Wed Apr 17 17:22:35 CEST 2024
May 28 14:00:07 lfs-ulayus kernel: [    0.000000] Command line: BOOT_IMAGE=/vmlinuz-6.7.4-lfs-12.1 root=/dev/sda3 ro
May 28 14:00:07 lfs-ulayus kernel: [    0.000000] [Firmware Bug]: TSC doesn't count with P0 frequency!
May 28 14:00:07 lfs-ulayus kernel: [    0.000000] BIOS-provided physical RAM map:
May 28 14:00:07 lfs-ulayus kernel: [    0.000000] BIOS-e820: [mem 0x0000000000000000-0x000000000009fbff] usable
May 28 14:00:07 lfs-ulayus kernel: [    0.000000] BIOS-e820: [mem 0x000000000009fc00-0x000000000009ffff] reserved
May 28 14:00:07 lfs-ulayus kernel: [    0.000000] BIOS-e820: [mem 0x00000000000f0000-0x00000000000fffff] reserved
May 28 14:00:07 lfs-ulayus kernel: [    0.000000] BIOS-e820: [mem 0x0000000000100000-0x00000000dffeffff] usable
May 28 14:00:07 lfs-ulayus kernel: [    0.000000] BIOS-e820: [mem 0x00000000dfff0000-0x00000000dfffffff] ACPI data
May 28 14:00:07 lfs-ulayus kernel: [    0.000000] BIOS-e820: [mem 0x00000000fec00000-0x00000000fec00fff] reserved
May 28 14:00:07 lfs-ulayus kernel: [    0.000000] BIOS-e820: [mem 0x00000000fee00000-0x00000000fee00fff] reserved
May 28 14:00:07 lfs-ulayus kernel: [    0.000000] BIOS-e820: [mem 0x00000000fffc0000-0x00000000ffffffff] reserved
May 28 14:00:07 lfs-ulayus kernel: [    0.000000] BIOS-e820: [mem 0x0000000100000000-0x000000021fffffff] usable
May 28 14:00:07 lfs-ulayus kernel: [    0.000000] NX (Execute Disable) protection: active
May 28 14:00:07 lfs-ulayus kernel: [    0.000000] APIC: Static calls initialized
May 28 14:00:07 lfs-ulayus kernel: [    0.000000] SMBIOS 2.5 present.
May 28 14:00:07 lfs-ulayus kernel: [    0.000000] DMI: innotek GmbH VirtualBox/VirtualBox, BIOS VirtualBox 12/01/2006
May 28 14:00:07 lfs-ulayus kernel: [    0.000000] Hypervisor detected: KVM
May 28 14:00:07 lfs-ulayus kernel: [    0.000000] kvm-clock: Using msrs 4b564d01 and 4b564d00
May 28 14:00:07 lfs-ulayus kernel: [    0.000001] kvm-clock: using sched offset of 4938891980 cycles
May 28 14:00:07 lfs-ulayus kernel: [    0.000003] clocksource: kvm-clock: mask: 0xffffffffffffffff max_cycles: 0x1cd42e4dffb, max_idle_ns: 881590591483 ns
May 28 14:00:07 lfs-ulayus kernel: [    0.000006] tsc: Detected 3493.376 MHz processor
May 28 14:00:07 lfs-ulayus kernel: [    0.000847] e820: update [mem 0x00000000-0x00000fff] usable ==> reserved
May 28 14:00:07 lfs-ulayus kernel: [    0.000849] e820: remove [mem 0x000a0000-0x000fffff] usable
May 28 14:00:07 lfs-ulayus kernel: [    0.000852] last_pfn = 0x220000 max_arch_pfn = 0x400000000
May 28 14:00:07 lfs-ulayus kernel: [    0.000860] MTRRs disabled by BIOS
May 28 14:00:07 lfs-ulayus kernel: [    0.000862] x86/PAT: Configuration [0-7]: WB  WC  UC- UC  WB  WP  UC- WT  
May 28 14:00:07 lfs-ulayus kernel: [    0.000902] last_pfn = 0xdfff0 max_arch_pfn = 0x400000000
May 28 14:00:07 lfs-ulayus kernel: [    0.000922] found SMP MP-table at [mem 0x0009fff0-0x0009ffff]
May 28 14:00:07 lfs-ulayus kernel: [    0.001327] ACPI: Early table checksum verification disabled
May 28 14:00:07 lfs-ulayus kernel: [    0.001332] ACPI: RSDP 0x00000000000E0000 000024 (v02 VBOX  )
May 28 14:00:07 lfs-ulayus kernel: [    0.001335] ACPI: XSDT 0x00000000DFFF0030 00003C (v01 VBOX   VBOXXSDT 00000001 ASL  00000061)
May 28 14:00:07 lfs-ulayus kernel: [    0.001340] ACPI: FACP 0x00000000DFFF00F0 0000F4 (v04 VBOX   VBOXFACP 00000001 ASL  00000061)
May 28 14:00:07 lfs-ulayus kernel: [    0.001344] ACPI: DSDT 0x00000000DFFF0620 002353 (v02 VBOX   VBOXBIOS 00000002 INTL 20230628)
May 28 14:00:07 lfs-ulayus kernel: [    0.001346] ACPI: FACS 0x00000000DFFF0200 000040
May 28 14:00:07 lfs-ulayus kernel: [    0.001347] ACPI: FACS 0x00000000DFFF0200 000040
May 28 14:00:07 lfs-ulayus kernel: [    0.001348] ACPI: APIC 0x00000000DFFF0240 00006C (v02 VBOX   VBOXAPIC 00000001 ASL  00000061)
May 28 14:00:07 lfs-ulayus kernel: [    0.001349] ACPI: SSDT 0x00000000DFFF02B0 00036C (v01 VBOX   VBOXCPUT 00000002 INTL 20230628)
May 28 14:00:07 lfs-ulayus kernel: [    0.001350] ACPI: Reserving FACP table memory at [mem 0xdfff00f0-0xdfff01e3]
May 28 14:00:07 lfs-ulayus kernel: [    0.001351] ACPI: Reserving DSDT table memory at [mem 0xdfff0620-0xdfff2972]
May 28 14:00:07 lfs-ulayus kernel: [    0.001351] ACPI: Reserving FACS table memory at [mem 0xdfff0200-0xdfff023f]
May 28 14:00:07 lfs-ulayus kernel: [    0.001352] ACPI: Reserving FACS table memory at [mem 0xdfff0200-0xdfff023f]
May 28 14:00:07 lfs-ulayus kernel: [    0.001352] ACPI: Reserving APIC table memory at [mem 0xdfff0240-0xdfff02ab]
May 28 14:00:07 lfs-ulayus kernel: [    0.001352] ACPI: Reserving SSDT table memory at [mem 0xdfff02b0-0xdfff061b]
May 28 14:00:07 lfs-ulayus kernel: [    0.001487] No NUMA configuration found
May 28 14:00:07 lfs-ulayus kernel: [    0.001488] Faking a node at [mem 0x0000000000000000-0x000000021fffffff]
May 28 14:00:07 lfs-ulayus kernel: [    0.001489] NODE_DATA(0) allocated [mem 0x21fff8000-0x21fffbfff]
May 28 14:00:07 lfs-ulayus kernel: [    0.001499] Zone ranges:
May 28 14:00:07 lfs-ulayus kernel: [    0.001500]   DMA      [mem 0x0000000000001000-0x0000000000ffffff]
May 28 14:00:07 lfs-ulayus kernel: [    0.001504]   DMA32    [mem 0x0000000001000000-0x00000000ffffffff]
May 28 14:00:07 lfs-ulayus kernel: [    0.001505]   Normal   [mem 0x0000000100000000-0x000000021fffffff]
May 28 14:00:07 lfs-ulayus kernel: [    0.001506] Movable zone start for each node
May 28 14:00:07 lfs-ulayus kernel: [    0.001506] Early memory node ranges
May 28 14:00:07 lfs-ulayus kernel: [    0.001506]   node   0: [mem 0x0000000000001000-0x000000000009efff]
May 28 14:00:07 lfs-ulayus kernel: [    0.001507]   node   0: [mem 0x0000000000100000-0x00000000dffeffff]
May 28 14:00:07 lfs-ulayus kernel: [    0.001508]   node   0: [mem 0x0000000100000000-0x000000021fffffff]
May 28 14:00:07 lfs-ulayus kernel: [    0.001509] Initmem setup node 0 [mem 0x0000000000001000-0x000000021fffffff]
May 28 14:00:07 lfs-ulayus kernel: [    0.001824] On node 0, zone DMA: 1 pages in unavailable ranges
May 28 14:00:07 lfs-ulayus kernel: [    0.001854] On node 0, zone DMA: 97 pages in unavailable ranges
May 28 14:00:07 lfs-ulayus kernel: [    0.014656] On node 0, zone Normal: 16 pages in unavailable ranges
May 28 14:00:07 lfs-ulayus kernel: [    0.014882] ACPI: PM-Timer IO Port: 0x4008
May 28 14:00:07 lfs-ulayus kernel: [    0.014930] IOAPIC[0]: apic_id 4, version 32, address 0xfec00000, GSI 0-23
May 28 14:00:07 lfs-ulayus kernel: [    0.014931] ACPI: INT_SRC_OVR (bus 0 bus_irq 0 global_irq 2 dfl dfl)
May 28 14:00:07 lfs-ulayus kernel: [    0.014933] ACPI: INT_SRC_OVR (bus 0 bus_irq 9 global_irq 9 low level)
May 28 14:00:07 lfs-ulayus kernel: [    0.014935] ACPI: Using ACPI (MADT) for SMP configuration information
May 28 14:00:07 lfs-ulayus kernel: [    0.014936] smpboot: Allowing 4 CPUs, 0 hotplug CPUs
May 28 14:00:07 lfs-ulayus kernel: [    0.014953] PM: hibernation: Registered nosave memory: [mem 0x00000000-0x00000fff]
May 28 14:00:07 lfs-ulayus kernel: [    0.014954] PM: hibernation: Registered nosave memory: [mem 0x0009f000-0x0009ffff]
May 28 14:00:07 lfs-ulayus kernel: [    0.014955] PM: hibernation: Registered nosave memory: [mem 0x000a0000-0x000effff]
May 28 14:00:07 lfs-ulayus kernel: [    0.014955] PM: hibernation: Registered nosave memory: [mem 0x000f0000-0x000fffff]
May 28 14:00:07 lfs-ulayus kernel: [    0.014956] PM: hibernation: Registered nosave memory: [mem 0xdfff0000-0xdfffffff]
May 28 14:00:07 lfs-ulayus kernel: [    0.014956] PM: hibernation: Registered nosave memory: [mem 0xe0000000-0xfebfffff]
May 28 14:00:07 lfs-ulayus kernel: [    0.014956] PM: hibernation: Registered nosave memory: [mem 0xfec00000-0xfec00fff]
May 28 14:00:07 lfs-ulayus kernel: [    0.014957] PM: hibernation: Registered nosave memory: [mem 0xfec01000-0xfedfffff]
May 28 14:00:07 lfs-ulayus kernel: [    0.014957] PM: hibernation: Registered nosave memory: [mem 0xfee00000-0xfee00fff]
May 28 14:00:07 lfs-ulayus kernel: [    0.014957] PM: hibernation: Registered nosave memory: [mem 0xfee01000-0xfffbffff]
May 28 14:00:07 lfs-ulayus kernel: [    0.014958] PM: hibernation: Registered nosave memory: [mem 0xfffc0000-0xffffffff]
May 28 14:00:07 lfs-ulayus kernel: [    0.014959] [mem 0xe0000000-0xfebfffff] available for PCI devices
May 28 14:00:07 lfs-ulayus kernel: [    0.014959] Booting paravirtualized kernel on KVM
May 28 14:00:07 lfs-ulayus kernel: [    0.014961] clocksource: refined-jiffies: mask: 0xffffffff max_cycles: 0xffffffff, max_idle_ns: 1910969940391419 ns
May 28 14:00:07 lfs-ulayus kernel: [    0.018942] setup_percpu: NR_CPUS:64 nr_cpumask_bits:4 nr_cpu_ids:4 nr_node_ids:1
May 28 14:00:07 lfs-ulayus kernel: [    0.019139] percpu: Embedded 54 pages/cpu s183272 r8192 d29720 u524288
May 28 14:00:07 lfs-ulayus kernel: [    0.019145] pcpu-alloc: s183272 r8192 d29720 u524288 alloc=1*2097152
May 28 14:00:07 lfs-ulayus kernel: [    0.019147] pcpu-alloc: [0] 0 1 2 3 
May 28 14:00:07 lfs-ulayus kernel: [    0.019156] Kernel command line: BOOT_IMAGE=/vmlinuz-6.7.4-lfs-12.1 root=/dev/sda3 ro
May 28 14:00:07 lfs-ulayus kernel: [    0.019173] Unknown kernel command line parameters "BOOT_IMAGE=/vmlinuz-6.7.4-lfs-12.1", will be passed to user space.
May 28 14:00:07 lfs-ulayus kernel: [    0.019498] random: crng init done
May 28 14:00:07 lfs-ulayus kernel: [    0.020055] Dentry cache hash table entries: 1048576 (order: 11, 8388608 bytes, linear)
May 28 14:00:07 lfs-ulayus kernel: [    0.020346] Inode-cache hash table entries: 524288 (order: 10, 4194304 bytes, linear)
May 28 14:00:07 lfs-ulayus kernel: [    0.020371] Fallback order for Node 0: 0 
May 28 14:00:07 lfs-ulayus kernel: [    0.020373] Built 1 zonelists, mobility grouping on.  Total pages: 2064112
May 28 14:00:07 lfs-ulayus kernel: [    0.020374] Policy zone: Normal
May 28 14:00:07 lfs-ulayus kernel: [    0.020375] mem auto-init: stack:all(zero), heap alloc:off, heap free:off
May 28 14:00:07 lfs-ulayus kernel: [    0.020378] software IO TLB: area num 4.
May 28 14:00:07 lfs-ulayus kernel: [    0.039296] Memory: 8137644K/8388152K available (18432K kernel code, 2768K rwdata, 6652K rodata, 2680K init, 1360K bss, 250248K reserved, 0K cma-reserved)
May 28 14:00:07 lfs-ulayus kernel: [    0.039320] SLUB: HWalign=64, Order=0-3, MinObjects=0, CPUs=4, Nodes=1
May 28 14:00:07 lfs-ulayus kernel: [    0.040243] Dynamic Preempt: voluntary
May 28 14:00:07 lfs-ulayus kernel: [    0.040395] rcu: Preemptible hierarchical RCU implementation.
May 28 14:00:07 lfs-ulayus kernel: [    0.040396] rcu: ^IRCU event tracing is enabled.
May 28 14:00:07 lfs-ulayus kernel: [    0.040396] rcu: ^IRCU restricting CPUs from NR_CPUS=64 to nr_cpu_ids=4.
May 28 14:00:07 lfs-ulayus kernel: [    0.040397] ^ITrampoline variant of Tasks RCU enabled.
May 28 14:00:07 lfs-ulayus kernel: [    0.040398] rcu: RCU calculated value of scheduler-enlistment delay is 100 jiffies.
May 28 14:00:07 lfs-ulayus kernel: [    0.040398] rcu: Adjusting geometry for rcu_fanout_leaf=16, nr_cpu_ids=4
May 28 14:00:07 lfs-ulayus kernel: [    0.041450] NR_IRQS: 4352, nr_irqs: 456, preallocated irqs: 16
May 28 14:00:07 lfs-ulayus kernel: [    0.041618] rcu: srcu_init: Setting srcu_struct sizes based on contention.
May 28 14:00:07 lfs-ulayus kernel: [    0.051081] Console: colour VGA+ 80x25
May 28 14:00:07 lfs-ulayus kernel: [    0.051085] printk: legacy console [tty0] enabled
May 28 14:00:07 lfs-ulayus kernel: [    0.085648] ACPI: Core revision 20230628
May 28 14:00:07 lfs-ulayus kernel: [    0.085957] APIC: Switch to symmetric I/O mode setup
May 28 14:00:07 lfs-ulayus kernel: [    0.086468] x2apic enabled
May 28 14:00:07 lfs-ulayus kernel: [    0.086954] APIC: Switched APIC routing to: physical x2apic
May 28 14:00:07 lfs-ulayus kernel: [    0.088381] ..TIMER: vector=0x30 apic1=0 pin1=2 apic2=-1 pin2=-1
May 28 14:00:07 lfs-ulayus kernel: [    0.088694] clocksource: tsc-early: mask: 0xffffffffffffffff max_cycles: 0x325adf6e741, max_idle_ns: 440795350777 ns
May 28 14:00:07 lfs-ulayus kernel: [    0.089202] Calibrating delay loop (skipped) preset value.. 6986.75 BogoMIPS (lpj=3493376)
May 28 14:00:07 lfs-ulayus kernel: [    0.089720] Last level iTLB entries: 4KB 512, 2MB 512, 4MB 256
May 28 14:00:07 lfs-ulayus kernel: [    0.090004] Last level dTLB entries: 4KB 2048, 2MB 2048, 4MB 1024, 1GB 0
May 28 14:00:07 lfs-ulayus kernel: [    0.090199] Spectre V1 : Mitigation: usercopy/swapgs barriers and __user pointer sanitization
May 28 14:00:07 lfs-ulayus kernel: [    0.090199] Spectre V2 : Mitigation: Retpolines
May 28 14:00:07 lfs-ulayus kernel: [    0.090199] Spectre V2 : Spectre v2 / SpectreRSB mitigation: Filling RSB on context switch
May 28 14:00:07 lfs-ulayus kernel: [    0.090199] Spectre V2 : Spectre v2 / SpectreRSB : Filling RSB on VMEXIT
May 28 14:00:07 lfs-ulayus kernel: [    0.090199] Speculative Return Stack Overflow: IBPB-extending microcode not applied!
May 28 14:00:07 lfs-ulayus kernel: [    0.090199] Speculative Return Stack Overflow: WARNING: See https://kernel.org/doc/html/latest/admin-guide/hw-vuln/srso.html for mitigation options.
May 28 14:00:07 lfs-ulayus kernel: [    0.090199] Speculative Return Stack Overflow: Vulnerable: Safe RET, no microcode
May 28 14:00:07 lfs-ulayus kernel: [    0.090199] x86/fpu: Supporting XSAVE feature 0x001: 'x87 floating point registers'
May 28 14:00:07 lfs-ulayus kernel: [    0.090199] x86/fpu: Supporting XSAVE feature 0x002: 'SSE registers'
May 28 14:00:07 lfs-ulayus kernel: [    0.090199] x86/fpu: Supporting XSAVE feature 0x004: 'AVX registers'
May 28 14:00:07 lfs-ulayus kernel: [    0.090199] x86/fpu: xstate_offset[2]:  576, xstate_sizes[2]:  256
May 28 14:00:07 lfs-ulayus kernel: [    0.090199] x86/fpu: Enabled xstate features 0x7, context size is 832 bytes, using 'standard' format.
May 28 14:00:07 lfs-ulayus kernel: [    0.106928] Freeing SMP alternatives memory: 48K
May 28 14:00:07 lfs-ulayus kernel: [    0.107201] pid_max: default: 32768 minimum: 301
May 28 14:00:07 lfs-ulayus kernel: [    0.107479] LSM: initializing lsm=capability,selinux,integrity
May 28 14:00:07 lfs-ulayus kernel: [    0.107777] SELinux:  Initializing.
May 28 14:00:07 lfs-ulayus kernel: [    0.108232] Mount-cache hash table entries: 16384 (order: 5, 131072 bytes, linear)
May 28 14:00:07 lfs-ulayus kernel: [    0.108672] Mountpoint-cache hash table entries: 16384 (order: 5, 131072 bytes, linear)
May 28 14:00:07 lfs-ulayus kernel: [    0.219097] APIC calibration not consistent with PM-Timer: 106ms instead of 100ms
May 28 14:00:07 lfs-ulayus kernel: [    0.219199] APIC delta adjusted to PM-Timer: 6289586 (6722446)
May 28 14:00:07 lfs-ulayus kernel: [    0.219241] smpboot: CPU0: AMD Ryzen 5 7640U w/ Radeon 760M Graphics (family: 0x19, model: 0x74, stepping: 0x1)
May 28 14:00:07 lfs-ulayus kernel: [    0.219871] RCU Tasks: Setting shift to 2 and lim to 1 rcu_task_cb_adjust=1.
May 28 14:00:07 lfs-ulayus kernel: [    0.220199] Performance Events: PMU not available due to virtualization, using software events only.
May 28 14:00:07 lfs-ulayus kernel: [    0.220217] signal: max sigframe size: 1776
May 28 14:00:07 lfs-ulayus kernel: [    0.220483] rcu: Hierarchical SRCU implementation.
May 28 14:00:07 lfs-ulayus kernel: [    0.220742] rcu: ^IMax phase no-delay instances is 400.
May 28 14:00:07 lfs-ulayus kernel: [    0.227501] smp: Bringing up secondary CPUs ...
May 28 14:00:07 lfs-ulayus kernel: [    0.227852] smpboot: x86: Booting SMP configuration:
May 28 14:00:07 lfs-ulayus kernel: [    0.228113] .... node  #0, CPUs:      #1 #2 #3
May 28 14:00:07 lfs-ulayus kernel: [    0.231364] smp: Brought up 1 node, 4 CPUs
May 28 14:00:07 lfs-ulayus kernel: [    0.231852] smpboot: Max logical packages: 1
May 28 14:00:07 lfs-ulayus kernel: [    0.232201] smpboot: Total of 4 processors activated (27947.00 BogoMIPS)
May 28 14:00:07 lfs-ulayus kernel: [    0.232785] devtmpfs: initialized
May 28 14:00:07 lfs-ulayus kernel: [    0.233319] clocksource: jiffies: mask: 0xffffffff max_cycles: 0xffffffff, max_idle_ns: 1911260446275000 ns
May 28 14:00:07 lfs-ulayus kernel: [    0.233780] futex hash table entries: 1024 (order: 4, 65536 bytes, linear)
May 28 14:00:07 lfs-ulayus kernel: [    0.234621] PM: RTC time: 12:00:04, date: 2024-05-28
May 28 14:00:07 lfs-ulayus kernel: [    0.234973] NET: Registered PF_NETLINK/PF_ROUTE protocol family
May 28 14:00:07 lfs-ulayus kernel: [    0.235305] audit: initializing netlink subsys (disabled)
May 28 14:00:07 lfs-ulayus kernel: [    0.235605] audit: type=2000 audit(1716897610.187:1): state=initialized audit_enabled=0 res=1
May 28 14:00:07 lfs-ulayus kernel: [    0.235605] thermal_sys: Registered thermal governor 'step_wise'
May 28 14:00:07 lfs-ulayus kernel: [    0.235670] thermal_sys: Registered thermal governor 'user_space'
May 28 14:00:07 lfs-ulayus kernel: [    0.236209] cpuidle: using governor menu
May 28 14:00:07 lfs-ulayus kernel: [    0.237317] PCI: Using configuration type 1 for base access
May 28 14:00:07 lfs-ulayus kernel: [    0.237597] PCI: Using configuration type 1 for extended access
May 28 14:00:07 lfs-ulayus kernel: [    0.238058] kprobes: kprobe jump-optimization is enabled. All kprobes are optimized if possible.
May 28 14:00:07 lfs-ulayus kernel: [    0.238260] HugeTLB: registered 2.00 MiB page size, pre-allocated 0 pages
May 28 14:00:07 lfs-ulayus kernel: [    0.239202] HugeTLB: 28 KiB vmemmap can be freed for a 2.00 MiB page
May 28 14:00:07 lfs-ulayus kernel: [    0.240275] ACPI: Added _OSI(Module Device)
May 28 14:00:07 lfs-ulayus kernel: [    0.240447] ACPI: Added _OSI(Processor Device)
May 28 14:00:07 lfs-ulayus kernel: [    0.240695] ACPI: Added _OSI(3.0 _SCP Extensions)
May 28 14:00:07 lfs-ulayus kernel: [    0.240960] ACPI: Added _OSI(Processor Aggregator Device)
May 28 14:00:07 lfs-ulayus kernel: [    0.243102] ACPI: 2 ACPI AML tables successfully acquired and loaded
May 28 14:00:07 lfs-ulayus kernel: [    0.244599] ACPI: _OSC evaluation for CPUs failed, trying _PDC
May 28 14:00:07 lfs-ulayus kernel: [    0.244647] ACPI: Interpreter enabled
May 28 14:00:07 lfs-ulayus kernel: [    0.245211] ACPI: PM: (supports S0 S5)
May 28 14:00:07 lfs-ulayus kernel: [    0.245437] ACPI: Using IOAPIC for interrupt routing
May 28 14:00:07 lfs-ulayus kernel: [    0.245870] PCI: Using host bridge windows from ACPI; if necessary, use "pci=nocrs" and report a bug
May 28 14:00:07 lfs-ulayus kernel: [    0.246200] PCI: Using E820 reservations for host bridge windows
May 28 14:00:07 lfs-ulayus kernel: [    0.246574] ACPI: Enabled 2 GPEs in block 00 to 07
May 28 14:00:07 lfs-ulayus kernel: [    0.250546] ACPI: PCI Root Bridge [PCI0] (domain 0000 [bus 00-ff])
May 28 14:00:07 lfs-ulayus kernel: [    0.250861] acpi PNP0A03:00: _OSC: OS supports [ExtendedConfig ASPM ClockPM Segments MSI HPX-Type3]
May 28 14:00:07 lfs-ulayus kernel: [    0.251541] acpi PNP0A03:00: _OSC: platform does not support [PCIeCapability LTR]
May 28 14:00:07 lfs-ulayus kernel: [    0.252413] acpi PNP0A03:00: _OSC: not requesting control; platform does not support [PCIeCapability]
May 28 14:00:07 lfs-ulayus kernel: [    0.253056] acpi PNP0A03:00: _OSC: OS requested [PME PCIeCapability LTR]
May 28 14:00:07 lfs-ulayus kernel: [    0.253201] acpi PNP0A03:00: _OSC: platform willing to grant [PME]
May 28 14:00:07 lfs-ulayus kernel: [    0.253504] acpi PNP0A03:00: _OSC: platform retains control of PCIe features (AE_SUPPORT)
May 28 14:00:07 lfs-ulayus kernel: [    0.254249] PCI host bridge to bus 0000:00
May 28 14:00:07 lfs-ulayus kernel: [    0.254485] pci_bus 0000:00: root bus resource [io  0x0000-0x0cf7 window]
May 28 14:00:07 lfs-ulayus kernel: [    0.254817] pci_bus 0000:00: root bus resource [io  0x0d00-0xffff window]
May 28 14:00:07 lfs-ulayus kernel: [    0.255135] pci_bus 0000:00: root bus resource [mem 0x000a0000-0x000bffff window]
May 28 14:00:07 lfs-ulayus kernel: [    0.255203] pci_bus 0000:00: root bus resource [mem 0xe0000000-0xfdffffff window]
May 28 14:00:07 lfs-ulayus kernel: [    0.255629] pci_bus 0000:00: root bus resource [bus 00-ff]
May 28 14:00:07 lfs-ulayus kernel: [    0.256368] pci 0000:00:00.0: [8086:1237] type 00 class 0x060000
May 28 14:00:07 lfs-ulayus kernel: [    0.256925] pci 0000:00:01.0: [8086:7000] type 00 class 0x060100
May 28 14:00:07 lfs-ulayus kernel: [    0.257512] pci 0000:00:01.1: [8086:7111] type 00 class 0x01018a
May 28 14:00:07 lfs-ulayus kernel: [    0.257961] pci 0000:00:01.1: reg 0x20: [io  0xd000-0xd00f]
May 28 14:00:07 lfs-ulayus kernel: [    0.258263] pci 0000:00:01.1: legacy IDE quirk: reg 0x10: [io  0x01f0-0x01f7]
May 28 14:00:07 lfs-ulayus kernel: [    0.258596] pci 0000:00:01.1: legacy IDE quirk: reg 0x14: [io  0x03f6]
May 28 14:00:07 lfs-ulayus kernel: [    0.258908] pci 0000:00:01.1: legacy IDE quirk: reg 0x18: [io  0x0170-0x0177]
May 28 14:00:07 lfs-ulayus kernel: [    0.259200] pci 0000:00:01.1: legacy IDE quirk: reg 0x1c: [io  0x0376]
May 28 14:00:07 lfs-ulayus kernel: [    0.259609] pci 0000:00:02.0: [15ad:0405] type 00 class 0x030000
May 28 14:00:07 lfs-ulayus kernel: [    0.261401] pci 0000:00:02.0: reg 0x10: [io  0xd010-0xd01f]
May 28 14:00:07 lfs-ulayus kernel: [    0.262199] pci 0000:00:02.0: reg 0x14: [mem 0xe0000000-0xe0ffffff pref]
May 28 14:00:07 lfs-ulayus kernel: [    0.263199] pci 0000:00:02.0: reg 0x18: [mem 0xf0000000-0xf01fffff]
May 28 14:00:07 lfs-ulayus kernel: [    0.265415] pci 0000:00:02.0: Video device with shadowed ROM at [mem 0x000c0000-0x000dffff]
May 28 14:00:07 lfs-ulayus kernel: [    0.266370] pci 0000:00:03.0: [8086:100e] type 00 class 0x020000
May 28 14:00:07 lfs-ulayus kernel: [    0.268199] pci 0000:00:03.0: reg 0x10: [mem 0xf0200000-0xf021ffff]
May 28 14:00:07 lfs-ulayus kernel: [    0.269281] pci 0000:00:03.0: reg 0x18: [io  0xd020-0xd027]
May 28 14:00:07 lfs-ulayus kernel: [    0.272280] pci 0000:00:04.0: [80ee:cafe] type 00 class 0x088000
May 28 14:00:07 lfs-ulayus kernel: [    0.273199] pci 0000:00:04.0: reg 0x10: [io  0xd040-0xd05f]
May 28 14:00:07 lfs-ulayus kernel: [    0.274199] pci 0000:00:04.0: reg 0x14: [mem 0xf0400000-0xf07fffff]
May 28 14:00:07 lfs-ulayus kernel: [    0.275199] pci 0000:00:04.0: reg 0x18: [mem 0xf0800000-0xf0803fff pref]
May 28 14:00:07 lfs-ulayus kernel: [    0.277365] pci 0000:00:05.0: [8086:2415] type 00 class 0x040100
May 28 14:00:07 lfs-ulayus kernel: [    0.278301] pci 0000:00:05.0: reg 0x10: [io  0xd100-0xd1ff]
May 28 14:00:07 lfs-ulayus kernel: [    0.279262] pci 0000:00:05.0: reg 0x14: [io  0xd200-0xd23f]
May 28 14:00:07 lfs-ulayus kernel: [    0.280214] pci 0000:00:06.0: [106b:003f] type 00 class 0x0c0310
May 28 14:00:07 lfs-ulayus kernel: [    0.281199] pci 0000:00:06.0: reg 0x10: [mem 0xf0804000-0xf0804fff]
May 28 14:00:07 lfs-ulayus kernel: [    0.284420] pci 0000:00:07.0: [8086:7113] type 00 class 0x068000
May 28 14:00:07 lfs-ulayus kernel: [    0.285300] pci 0000:00:07.0: quirk: [io  0x4000-0x403f] claimed by PIIX4 ACPI
May 28 14:00:07 lfs-ulayus kernel: [    0.285718] pci 0000:00:07.0: quirk: [io  0x4100-0x410f] claimed by PIIX4 SMB
May 28 14:00:07 lfs-ulayus kernel: [    0.286333] pci 0000:00:0b.0: [8086:265c] type 00 class 0x0c0320
May 28 14:00:07 lfs-ulayus kernel: [    0.287238] pci 0000:00:0b.0: reg 0x10: [mem 0xf0805000-0xf0805fff]
May 28 14:00:07 lfs-ulayus kernel: [    0.290425] pci 0000:00:0d.0: [8086:2829] type 00 class 0x010601
May 28 14:00:07 lfs-ulayus kernel: [    0.291257] pci 0000:00:0d.0: reg 0x10: [io  0xd240-0xd247]
May 28 14:00:07 lfs-ulayus kernel: [    0.292199] pci 0000:00:0d.0: reg 0x14: [io  0xd248-0xd24b]
May 28 14:00:07 lfs-ulayus kernel: [    0.293199] pci 0000:00:0d.0: reg 0x18: [io  0xd250-0xd257]
May 28 14:00:07 lfs-ulayus kernel: [    0.294199] pci 0000:00:0d.0: reg 0x1c: [io  0xd258-0xd25b]
May 28 14:00:07 lfs-ulayus kernel: [    0.295199] pci 0000:00:0d.0: reg 0x20: [io  0xd260-0xd26f]
May 28 14:00:07 lfs-ulayus kernel: [    0.296199] pci 0000:00:0d.0: reg 0x24: [mem 0xf0806000-0xf0807fff]
May 28 14:00:07 lfs-ulayus kernel: [    0.299326] ACPI: PCI: Interrupt link LNKA configured for IRQ 11
May 28 14:00:07 lfs-ulayus kernel: [    0.299850] ACPI: PCI: Interrupt link LNKB configured for IRQ 10
May 28 14:00:07 lfs-ulayus kernel: [    0.300261] ACPI: PCI: Interrupt link LNKC configured for IRQ 9
May 28 14:00:07 lfs-ulayus kernel: [    0.301218] ACPI: PCI: Interrupt link LNKD configured for IRQ 11
May 28 14:00:07 lfs-ulayus kernel: [    0.301636] iommu: Default domain type: Translated
May 28 14:00:07 lfs-ulayus kernel: [    0.302200] iommu: DMA domain TLB invalidation policy: lazy mode
May 28 14:00:07 lfs-ulayus kernel: [    0.302565] SCSI subsystem initialized
May 28 14:00:07 lfs-ulayus kernel: [    0.303229] libata version 3.00 loaded.
May 28 14:00:07 lfs-ulayus kernel: [    0.303237] ACPI: bus type USB registered
May 28 14:00:07 lfs-ulayus kernel: [    0.303506] usbcore: registered new interface driver usbfs
May 28 14:00:07 lfs-ulayus kernel: [    0.304226] usbcore: registered new interface driver hub
May 28 14:00:07 lfs-ulayus kernel: [    0.305214] usbcore: registered new device driver usb
May 28 14:00:07 lfs-ulayus kernel: [    0.306214] pps_core: LinuxPPS API ver. 1 registered
May 28 14:00:07 lfs-ulayus kernel: [    0.306480] pps_core: Software ver. 5.3.6 - Copyright 2005-2007 Rodolfo Giometti <giometti@linux.it>
May 28 14:00:07 lfs-ulayus kernel: [    0.307203] PTP clock support registered
May 28 14:00:07 lfs-ulayus kernel: [    0.308242] Advanced Linux Sound Architecture Driver Initialized.
May 28 14:00:07 lfs-ulayus kernel: [    0.308430] NetLabel: Initializing
May 28 14:00:07 lfs-ulayus kernel: [    0.308656] NetLabel:  domain hash size = 128
May 28 14:00:07 lfs-ulayus kernel: [    0.309201] NetLabel:  protocols = UNLABELED CIPSOv4 CALIPSO
May 28 14:00:07 lfs-ulayus kernel: [    0.309513] NetLabel:  unlabeled traffic allowed by default
May 28 14:00:07 lfs-ulayus kernel: [    0.310233] PCI: Using ACPI for IRQ routing
May 28 14:00:07 lfs-ulayus kernel: [    0.310454] PCI: pci_cache_line_size set to 64 bytes
May 28 14:00:07 lfs-ulayus kernel: [    0.310586] e820: reserve RAM buffer [mem 0x0009fc00-0x0009ffff]
May 28 14:00:07 lfs-ulayus kernel: [    0.310589] e820: reserve RAM buffer [mem 0xdfff0000-0xdfffffff]
May 28 14:00:07 lfs-ulayus kernel: [    0.311219] pci 0000:00:02.0: vgaarb: setting as boot VGA device
May 28 14:00:07 lfs-ulayus kernel: [    0.311532] pci 0000:00:02.0: vgaarb: bridge control possible
May 28 14:00:07 lfs-ulayus kernel: [    0.311825] pci 0000:00:02.0: vgaarb: VGA device added: decodes=io+mem,owns=io+mem,locks=none
May 28 14:00:07 lfs-ulayus kernel: [    0.312210] vgaarb: loaded
May 28 14:00:07 lfs-ulayus kernel: [    0.313785] clocksource: Switched to clocksource kvm-clock
May 28 14:00:07 lfs-ulayus kernel: [    0.315466] VFS: Disk quotas dquot_6.6.0
May 28 14:00:07 lfs-ulayus kernel: [    0.315970] VFS: Dquot-cache hash table entries: 512 (order 0, 4096 bytes)
May 28 14:00:07 lfs-ulayus kernel: [    0.316381] pnp: PnP ACPI init
May 28 14:00:07 lfs-ulayus kernel: [    0.316433] pnp: PnP ACPI: found 2 devices
May 28 14:00:07 lfs-ulayus kernel: [    0.345920] clocksource: acpi_pm: mask: 0xffffff max_cycles: 0xffffff, max_idle_ns: 2085701024 ns
May 28 14:00:07 lfs-ulayus kernel: [    0.346438] NET: Registered PF_INET protocol family
May 28 14:00:07 lfs-ulayus kernel: [    0.346916] IP idents hash table entries: 131072 (order: 8, 1048576 bytes, linear)
May 28 14:00:07 lfs-ulayus kernel: [    0.346916] tcp_listen_portaddr_hash hash table entries: 4096 (order: 4, 65536 bytes, linear)
May 28 14:00:07 lfs-ulayus kernel: [    0.346916] Table-perturb hash table entries: 65536 (order: 6, 262144 bytes, linear)
May 28 14:00:07 lfs-ulayus kernel: [    0.346916] TCP established hash table entries: 65536 (order: 7, 524288 bytes, linear)
May 28 14:00:07 lfs-ulayus kernel: [    0.346916] TCP bind hash table entries: 65536 (order: 9, 2097152 bytes, linear)
May 28 14:00:07 lfs-ulayus kernel: [    0.346916] TCP: Hash tables configured (established 65536 bind 65536)
May 28 14:00:07 lfs-ulayus kernel: [    0.346916] UDP hash table entries: 4096 (order: 5, 131072 bytes, linear)
May 28 14:00:07 lfs-ulayus kernel: [    0.346916] UDP-Lite hash table entries: 4096 (order: 5, 131072 bytes, linear)
May 28 14:00:07 lfs-ulayus kernel: [    0.346916] NET: Registered PF_UNIX/PF_LOCAL protocol family
May 28 14:00:07 lfs-ulayus kernel: [    0.352870] RPC: Registered named UNIX socket transport module.
May 28 14:00:07 lfs-ulayus kernel: [    0.353182] RPC: Registered udp transport module.
May 28 14:00:07 lfs-ulayus kernel: [    0.353447] RPC: Registered tcp transport module.
May 28 14:00:07 lfs-ulayus kernel: [    0.353715] RPC: Registered tcp-with-tls transport module.
May 28 14:00:07 lfs-ulayus kernel: [    0.353827] RPC: Registered tcp NFSv4.1 backchannel transport module.
May 28 14:00:07 lfs-ulayus kernel: [    0.356674] pci_bus 0000:00: resource 4 [io  0x0000-0x0cf7 window]
May 28 14:00:07 lfs-ulayus kernel: [    0.356995] pci_bus 0000:00: resource 5 [io  0x0d00-0xffff window]
May 28 14:00:07 lfs-ulayus kernel: [    0.357295] pci_bus 0000:00: resource 6 [mem 0x000a0000-0x000bffff window]
May 28 14:00:07 lfs-ulayus kernel: [    0.357627] pci_bus 0000:00: resource 7 [mem 0xe0000000-0xfdffffff window]
May 28 14:00:07 lfs-ulayus kernel: [    0.357649] pci 0000:00:00.0: Limiting direct PCI/PCI transfers
May 28 14:00:07 lfs-ulayus kernel: [    0.357649] PCI: CLS 0 bytes, default 64
May 28 14:00:07 lfs-ulayus kernel: [    0.357649] PCI-DMA: Using software bounce buffering for IO (SWIOTLB)
May 28 14:00:07 lfs-ulayus kernel: [    0.361229] software IO TLB: mapped [mem 0x00000000dbff0000-0x00000000dfff0000] (64MB)
May 28 14:00:07 lfs-ulayus kernel: [    0.361691] clocksource: tsc: mask: 0xffffffffffffffff max_cycles: 0x325adf6e741, max_idle_ns: 440795350777 ns
May 28 14:00:07 lfs-ulayus kernel: [    0.362321] clocksource: Switched to clocksource tsc
May 28 14:00:07 lfs-ulayus kernel: [    0.362608] platform rtc_cmos: registered platform RTC device (no PNP device found)
May 28 14:00:07 lfs-ulayus kernel: [    0.364261] Initialise system trusted keyrings
May 28 14:00:07 lfs-ulayus kernel: [    0.364601] workingset: timestamp_bits=40 max_order=21 bucket_order=0
May 28 14:00:07 lfs-ulayus kernel: [    0.365356] NFS: Registering the id_resolver key type
May 28 14:00:07 lfs-ulayus kernel: [    0.365642] Key type id_resolver registered
May 28 14:00:07 lfs-ulayus kernel: [    0.365883] Key type id_legacy registered
May 28 14:00:07 lfs-ulayus kernel: [    0.366164] 9p: Installing v9fs 9p2000 file system support
May 28 14:00:07 lfs-ulayus kernel: [    0.368447] Key type asymmetric registered
May 28 14:00:07 lfs-ulayus kernel: [    0.368447] Asymmetric key parser 'x509' registered
May 28 14:00:07 lfs-ulayus kernel: [    0.368447] Block layer SCSI generic (bsg) driver version 0.4 loaded (major 251)
May 28 14:00:07 lfs-ulayus kernel: [    0.368447] io scheduler mq-deadline registered
May 28 14:00:07 lfs-ulayus kernel: [    0.368447] io scheduler kyber registered
May 28 14:00:07 lfs-ulayus kernel: [    0.379665] ACPI: AC: AC Adapter [AC] (on-line)
May 28 14:00:07 lfs-ulayus kernel: [    0.379998] input: Power Button as /devices/LNXSYSTM:00/LNXPWRBN:00/input/input0
May 28 14:00:07 lfs-ulayus kernel: [    0.380537] ACPI: button: Power Button [PWRF]
May 28 14:00:07 lfs-ulayus kernel: [    0.380811] input: Sleep Button as /devices/LNXSYSTM:00/LNXSLPBN:00/input/input1
May 28 14:00:07 lfs-ulayus kernel: [    0.381258] ACPI: button: Sleep Button [SLPF]
May 28 14:00:07 lfs-ulayus kernel: [    0.381563] ACPI: video: Video Device [GFX0] (multi-head: yes  rom: no  post: no)
May 28 14:00:07 lfs-ulayus kernel: [    0.382038] input: Video Bus as /devices/LNXSYSTM:00/LNXSYBUS:00/PNP0A03:00/LNXVIDEO:00/input/input2
May 28 14:00:07 lfs-ulayus kernel: [    0.382906] Serial: 8250/16550 driver, 4 ports, IRQ sharing enabled
May 28 14:00:07 lfs-ulayus kernel: [    0.383894] Non-volatile memory driver v1.3
May 28 14:00:07 lfs-ulayus kernel: [    0.383921] ACPI: battery: Slot [BAT0] (battery present)
May 28 14:00:07 lfs-ulayus kernel: [    0.384135] Linux agpgart interface v0.103
May 28 14:00:07 lfs-ulayus kernel: [    0.387556] ACPI: bus type drm_connector registered
May 28 14:00:07 lfs-ulayus kernel: [    0.390190] loop: module loaded
May 28 14:00:07 lfs-ulayus kernel: [    0.390890] ahci 0000:00:0d.0: version 3.0
May 28 14:00:07 lfs-ulayus kernel: [    0.391730] ahci 0000:00:0d.0: SSS flag set, parallel bus scan disabled
May 28 14:00:07 lfs-ulayus kernel: [    0.392146] ahci 0000:00:0d.0: AHCI 0001.0100 32 slots 1 ports 3 Gbps 0x1 impl SATA mode
May 28 14:00:07 lfs-ulayus kernel: [    0.392599] ahci 0000:00:0d.0: flags: 64bit ncq stag only ccc 
May 28 14:00:07 lfs-ulayus kernel: [    0.393250] scsi host0: ahci
May 28 14:00:07 lfs-ulayus kernel: [    0.393511] ata1: SATA max UDMA/133 abar m8192@0xf0806000 port 0xf0806100 irq 21 lpm-pol 0
May 28 14:00:07 lfs-ulayus kernel: [    0.393980] ata_piix 0000:00:01.1: version 2.13
May 28 14:00:07 lfs-ulayus kernel: [    0.394353] scsi host1: ata_piix
May 28 14:00:07 lfs-ulayus kernel: [    0.394734] scsi host2: ata_piix
May 28 14:00:07 lfs-ulayus kernel: [    0.394972] ata2: PATA max UDMA/33 cmd 0x1f0 ctl 0x3f6 bmdma 0xd000 irq 14 lpm-pol 0
May 28 14:00:07 lfs-ulayus kernel: [    0.395659] ata3: PATA max UDMA/33 cmd 0x170 ctl 0x376 bmdma 0xd008 irq 15 lpm-pol 0
May 28 14:00:07 lfs-ulayus kernel: [    0.396297] e100: Intel(R) PRO/100 Network Driver
May 28 14:00:07 lfs-ulayus kernel: [    0.396565] e100: Copyright(c) 1999-2006 Intel Corporation
May 28 14:00:07 lfs-ulayus kernel: [    0.396855] e1000: Intel(R) PRO/1000 Network Driver
May 28 14:00:07 lfs-ulayus kernel: [    0.397118] e1000: Copyright (c) 1999-2006 Intel Corporation.
May 28 14:00:07 lfs-ulayus kernel: [    0.811152] e1000 0000:00:03.0 eth0: (PCI:33MHz:32-bit) 08:00:27:e1:07:24
May 28 14:00:07 lfs-ulayus kernel: [    0.811503] e1000 0000:00:03.0 eth0: Intel(R) PRO/1000 Network Connection
May 28 14:00:07 lfs-ulayus kernel: [    0.811859] e1000e: Intel(R) PRO/1000 Network Driver
May 28 14:00:07 lfs-ulayus kernel: [    0.812132] e1000e: Copyright(c) 1999 - 2015 Intel Corporation.
May 28 14:00:07 lfs-ulayus kernel: [    0.812439] sky2: driver version 1.30
May 28 14:00:07 lfs-ulayus kernel: [    0.813620] ohci-pci 0000:00:06.0: OHCI PCI host controller
May 28 14:00:07 lfs-ulayus kernel: [    0.813983] ohci-pci 0000:00:06.0: new USB bus registered, assigned bus number 1
May 28 14:00:07 lfs-ulayus kernel: [    0.814477] ohci-pci 0000:00:06.0: irq 22, io mem 0xf0804000
May 28 14:00:07 lfs-ulayus kernel: [    0.886693] ata1: SATA link up 3.0 Gbps (SStatus 123 SControl 300)
May 28 14:00:07 lfs-ulayus kernel: [    0.887435] usb usb1: New USB device found, idVendor=1d6b, idProduct=0001, bcdDevice= 6.07
May 28 14:00:07 lfs-ulayus kernel: [    0.888152] usb usb1: New USB device strings: Mfr=3, Product=2, SerialNumber=1
May 28 14:00:07 lfs-ulayus kernel: [    0.888170] ata1.00: ATA-6: VBOX HARDDISK, 1.0, max UDMA/133
May 28 14:00:07 lfs-ulayus kernel: [    0.888577] usb usb1: Product: OHCI PCI host controller
May 28 14:00:07 lfs-ulayus kernel: [    0.888865] ata1.00: 41943040 sectors, multi 128: LBA48 NCQ (depth 32)
May 28 14:00:07 lfs-ulayus kernel: [    0.889127] usb usb1: Manufacturer: Linux 6.7.4 ohci_hcd
May 28 14:00:07 lfs-ulayus kernel: [    0.889128] usb usb1: SerialNumber: 0000:00:06.0
May 28 14:00:07 lfs-ulayus kernel: [    0.889285] hub 1-0:1.0: USB hub found
May 28 14:00:07 lfs-ulayus kernel: [    0.890059] ata1.00: configured for UDMA/133
May 28 14:00:07 lfs-ulayus kernel: [    0.890286] hub 1-0:1.0: 12 ports detected
May 28 14:00:07 lfs-ulayus kernel: [    0.890702] scsi 0:0:0:0: Direct-Access     ATA      VBOX HARDDISK    1.0  PQ: 0 ANSI: 5
May 28 14:00:07 lfs-ulayus kernel: [    0.891159] usbcore: registered new interface driver usblp
May 28 14:00:07 lfs-ulayus kernel: [    0.891165] ehci-pci 0000:00:0b.0: EHCI Host Controller
May 28 14:00:07 lfs-ulayus kernel: [    0.891331] ehci-pci 0000:00:0b.0: new USB bus registered, assigned bus number 2
May 28 14:00:07 lfs-ulayus kernel: [    0.891409] scsi 0:0:0:0: Attached scsi generic sg0 type 0
May 28 14:00:07 lfs-ulayus kernel: [    0.891590] sd 0:0:0:0: [sda] 41943040 512-byte logical blocks: (21.5 GB/20.0 GiB)
May 28 14:00:07 lfs-ulayus kernel: [    0.891602] sd 0:0:0:0: [sda] Write Protect is off
May 28 14:00:07 lfs-ulayus kernel: [    0.891682] usbcore: registered new interface driver usb-storage
May 28 14:00:07 lfs-ulayus kernel: [    0.891713] i8042: PNP: PS/2 Controller [PNP0303:PS2K,PNP0f03:PS2M] at 0x60,0x64 irq 1,12
May 28 14:00:07 lfs-ulayus kernel: [    0.892218] serio: i8042 KBD port at 0x60,0x64 irq 1
May 28 14:00:07 lfs-ulayus kernel: [    0.892315] ehci-pci 0000:00:0b.0: irq 19, io mem 0xf0805000
May 28 14:00:07 lfs-ulayus kernel: [    0.892618] sd 0:0:0:0: [sda] Mode Sense: 00 3a 00 00
May 28 14:00:07 lfs-ulayus kernel: [    0.892635] sd 0:0:0:0: [sda] Write cache: enabled, read cache: enabled, doesn't support DPO or FUA
May 28 14:00:07 lfs-ulayus kernel: [    0.892899] serio: i8042 AUX port at 0x60,0x64 irq 12
May 28 14:00:07 lfs-ulayus kernel: [    0.893326] sd 0:0:0:0: [sda] Preferred minimum I/O size 512 bytes
May 28 14:00:07 lfs-ulayus kernel: [    0.894115] input: AT Translated Set 2 keyboard as /devices/platform/i8042/serio0/input/input3
May 28 14:00:07 lfs-ulayus kernel: [    0.894821] rtc_cmos rtc_cmos: registered as rtc0
May 28 14:00:07 lfs-ulayus kernel: [    0.896613]  sda: sda1 sda2 sda3
May 28 14:00:07 lfs-ulayus kernel: [    0.897011] rtc_cmos rtc_cmos: alarms up to one day, 114 bytes nvram
May 28 14:00:07 lfs-ulayus kernel: [    0.897811] sd 0:0:0:0: [sda] Attached SCSI disk
May 28 14:00:07 lfs-ulayus kernel: [    0.898045] fail to initialize ptp_kvm
May 28 14:00:07 lfs-ulayus kernel: [    0.898338] device-mapper: ioctl: 4.48.0-ioctl (2023-03-01) initialised: dm-devel@redhat.com
May 28 14:00:07 lfs-ulayus kernel: [    0.898601] ehci-pci 0000:00:0b.0: USB 2.0 started, EHCI 1.00
May 28 14:00:07 lfs-ulayus kernel: [    0.899057] hid: raw HID events driver (C) Jiri Kosina
May 28 14:00:07 lfs-ulayus kernel: [    0.899363] usb usb2: New USB device found, idVendor=1d6b, idProduct=0002, bcdDevice= 6.07
May 28 14:00:07 lfs-ulayus kernel: [    0.899760] usbcore: registered new interface driver usbhid
May 28 14:00:07 lfs-ulayus kernel: [    0.900081] usb usb2: New USB device strings: Mfr=3, Product=2, SerialNumber=1
May 28 14:00:07 lfs-ulayus kernel: [    0.900363] usbhid: USB HID core driver
May 28 14:00:07 lfs-ulayus kernel: [    0.901094] usb usb2: Product: EHCI Host Controller
May 28 14:00:07 lfs-ulayus kernel: [    0.901873] usb usb2: Manufacturer: Linux 6.7.4 ehci_hcd
May 28 14:00:07 lfs-ulayus kernel: [    0.902244] Initializing XFRM netlink socket
May 28 14:00:07 lfs-ulayus kernel: [    0.902350] usb usb2: SerialNumber: 0000:00:0b.0
May 28 14:00:07 lfs-ulayus kernel: [    0.902638] NET: Registered PF_INET6 protocol family
May 28 14:00:07 lfs-ulayus kernel: [    0.903068] hub 2-0:1.0: USB hub found
May 28 14:00:07 lfs-ulayus kernel: [    0.903713] Segment Routing with IPv6
May 28 14:00:07 lfs-ulayus kernel: [    0.903754] hub 2-0:1.0: 12 ports detected
May 28 14:00:07 lfs-ulayus kernel: [    0.903971] In-situ OAM (IOAM) with IPv6
May 28 14:00:07 lfs-ulayus kernel: [    0.904441] sit: IPv6, IPv4 and MPLS over IPv4 tunneling driver
May 28 14:00:07 lfs-ulayus kernel: [    0.904441] NET: Registered PF_PACKET protocol family
May 28 14:00:07 lfs-ulayus kernel: [    0.904441] 9pnet: Installing 9P2000 support
May 28 14:00:07 lfs-ulayus kernel: [    0.904441] Key type dns_resolver registered
May 28 14:00:07 lfs-ulayus kernel: [    0.905963] IPI shorthand broadcast: enabled
May 28 14:00:07 lfs-ulayus kernel: [    0.906928] sched_clock: Marking stable (858498768, 47429278)->(968154710, -62226664)
May 28 14:00:07 lfs-ulayus kernel: [    0.909878] registered taskstats version 1
May 28 14:00:07 lfs-ulayus kernel: [    0.910119] Loading compiled-in X.509 certificates
May 28 14:00:07 lfs-ulayus kernel: [    0.914223] PM:   Magic number: 8:332:27
May 28 14:00:07 lfs-ulayus kernel: [    0.914500] printk: legacy console [netcon0] enabled
May 28 14:00:07 lfs-ulayus kernel: [    0.914767] netconsole: network logging started
May 28 14:00:07 lfs-ulayus kernel: [    0.915121] cfg80211: Loading compiled-in X.509 certificates for regulatory database
May 28 14:00:07 lfs-ulayus kernel: [    0.915808] kworker/u8:3 (72) used greatest stack depth: 14352 bytes left
May 28 14:00:07 lfs-ulayus kernel: [    0.916724] Loaded X.509 cert 'sforshee: 00b28ddf47aef9cea7'
May 28 14:00:07 lfs-ulayus kernel: [    0.917129] Loaded X.509 cert 'wens: 61c038651aabdcf94bd0ac7ff06c7248db18c600'
May 28 14:00:07 lfs-ulayus kernel: [    0.917586] platform regulatory.0: Direct firmware load for regulatory.db failed with error -2
May 28 14:00:07 lfs-ulayus kernel: [    0.918044] cfg80211: failed to load regulatory.db
May 28 14:00:07 lfs-ulayus kernel: [    0.918324] ALSA device list:
May 28 14:00:07 lfs-ulayus kernel: [    0.918535]   No soundcards found.
May 28 14:00:07 lfs-ulayus kernel: [    1.099332] input: ImExPS/2 Generic Explorer Mouse as /devices/platform/i8042/serio1/input/input5
May 28 14:00:07 lfs-ulayus kernel: [    1.100308] md: Waiting for all devices to be available before autodetect
May 28 14:00:07 lfs-ulayus kernel: [    1.100976] md: If you don't use raid, use raid=noautodetect
May 28 14:00:07 lfs-ulayus kernel: [    1.101584] md: Autodetecting RAID arrays.
May 28 14:00:07 lfs-ulayus kernel: [    1.102069] md: autorun ...
May 28 14:00:07 lfs-ulayus kernel: [    1.102523] md: ... autorun DONE.
May 28 14:00:07 lfs-ulayus kernel: [    1.106779] EXT4-fs (sda3): INFO: recovery required on readonly filesystem
May 28 14:00:07 lfs-ulayus kernel: [    1.107147] EXT4-fs (sda3): write access will be enabled during recovery
May 28 14:00:07 lfs-ulayus kernel: [    1.197400] EXT4-fs (sda3): orphan cleanup on readonly fs
May 28 14:00:07 lfs-ulayus kernel: [    1.197937] EXT4-fs (sda3): recovery complete
May 28 14:00:07 lfs-ulayus kernel: [    1.201769] EXT4-fs (sda3): mounted filesystem b0067cf0-3fd2-438d-96de-de58bfaec138 ro with ordered data mode. Quota mode: none.
May 28 14:00:07 lfs-ulayus kernel: [    1.202332] VFS: Mounted root (ext4 filesystem) readonly on device 8:3.
May 28 14:00:07 lfs-ulayus kernel: [    1.202847] devtmpfs: mounted
May 28 14:00:07 lfs-ulayus kernel: [    1.203537] Freeing unused kernel image (initmem) memory: 2680K
May 28 14:00:07 lfs-ulayus kernel: [    1.312974] usb 1-1: new full-speed USB device number 2 using ohci-pci
May 28 14:00:07 lfs-ulayus kernel: [    1.313921] Write protecting the kernel read-only data: 26624k
May 28 14:00:07 lfs-ulayus kernel: [    1.315117] Freeing unused kernel image (rodata/data gap) memory: 1540K
May 28 14:00:07 lfs-ulayus kernel: [    1.367110] x86/mm: Checked W+X mappings: passed, no W+X pages found.
May 28 14:00:07 lfs-ulayus kernel: [    1.367440] Run /sbin/init as init process
May 28 14:00:07 lfs-ulayus kernel: [    1.367685]   with arguments:
May 28 14:00:07 lfs-ulayus kernel: [    1.367686]     /sbin/init
May 28 14:00:07 lfs-ulayus kernel: [    1.367687]   with environment:
May 28 14:00:07 lfs-ulayus kernel: [    1.367687]     HOME=/
May 28 14:00:07 lfs-ulayus kernel: [    1.367688]     TERM=linux
May 28 14:00:07 lfs-ulayus kernel: [    1.367689]     BOOT_IMAGE=/vmlinuz-6.7.4-lfs-12.1
May 28 14:00:07 lfs-ulayus kernel: [    1.391911] stty (80) used greatest stack depth: 13184 bytes left
May 28 14:00:07 lfs-ulayus kernel: [    1.484251] ip (181) used greatest stack depth: 12480 bytes left
May 28 14:00:07 lfs-ulayus kernel: <30>[    1.512534] udevd[206]: Starting systemd-udevd version 255
May 28 14:00:07 lfs-ulayus kernel: <30>[    1.516641] udevd[207]: Using default interface naming scheme 'v255'.
May 28 14:00:07 lfs-ulayus kernel: [    1.573373] e1000 0000:00:03.0 enp0s3: renamed from eth0
May 28 14:00:07 lfs-ulayus kernel: [    1.585224] usb 1-1: New USB device found, idVendor=80ee, idProduct=0021, bcdDevice= 1.00
May 28 14:00:07 lfs-ulayus kernel: [    1.585774] usb 1-1: New USB device strings: Mfr=1, Product=3, SerialNumber=0
May 28 14:00:07 lfs-ulayus kernel: [    1.586122] usb 1-1: Product: USB Tablet
May 28 14:00:07 lfs-ulayus kernel: [    1.586359] usb 1-1: Manufacturer: VirtualBox
May 28 14:00:07 lfs-ulayus kernel: [    1.598746] input: VirtualBox USB Tablet as /devices/pci0000:00/0000:00:06.0/usb1/1-1/1-1:1.0/0003:80EE:0021.0001/input/input6
May 28 14:00:07 lfs-ulayus kernel: [    1.599386] hid-generic 0003:80EE:0021.0001: input,hidraw0: USB HID v1.10 Mouse [VirtualBox USB Tablet] on usb-0000:00:06.0-1/input0
May 28 14:00:07 lfs-ulayus kernel: [    2.052389] Adding 2097148k swap on /dev/sda2.  Priority:1 extents:1 across:2097148k 
May 28 14:00:07 lfs-ulayus kernel: [    2.077502] EXT4-fs (sda3): re-mounted b0067cf0-3fd2-438d-96de-de58bfaec138 ro. Quota mode: none.
May 28 14:00:07 lfs-ulayus kernel: [    2.157233] EXT4-fs (sda3): re-mounted b0067cf0-3fd2-438d-96de-de58bfaec138 r/w. Quota mode: none.
May 28 14:00:07 lfs-ulayus kernel: [    2.167941] EXT4-fs (sda1): mounted filesystem 3140652f-dc11-4544-83f6-c779750d95a4 r/w without journal. Quota mode: none.
May 28 14:02:09 lfs-ulayus kernel: Kernel logging (proc) stopped.
May 28 14:02:09 lfs-ulayus kernel: Kernel log daemon terminating.
May 28 14:02:28 lfs-ulayus kernel: klogd 1.5.1, log source = /proc/kmsg started.
May 28 14:02:28 lfs-ulayus kernel: Inspecting /boot/System.map-6.7.4
May 28 14:02:28 lfs-ulayus kernel: Cannot find map file.
May 28 14:02:28 lfs-ulayus kernel: Loaded 169302 symbols from 1 module.
May 28 14:02:28 lfs-ulayus kernel: [    0.000000] Linux version 6.7.4 (root@archiso) (gcc (GCC) 13.2.0, GNU ld (GNU Binutils) 2.42) #1 SMP PREEMPT_DYNAMIC Wed Apr 17 17:22:35 CEST 2024
May 28 14:02:28 lfs-ulayus kernel: [    0.000000] Command line: BOOT_IMAGE=/vmlinuz-6.7.4-lfs-12.1 root=/dev/sda3 ro
May 28 14:02:28 lfs-ulayus kernel: [    0.000000] [Firmware Bug]: TSC doesn't count with P0 frequency!
May 28 14:02:28 lfs-ulayus kernel: [    0.000000] BIOS-provided physical RAM map:
May 28 14:02:28 lfs-ulayus kernel: [    0.000000] BIOS-e820: [mem 0x0000000000000000-0x000000000009fbff] usable
May 28 14:02:28 lfs-ulayus kernel: [    0.000000] BIOS-e820: [mem 0x000000000009fc00-0x000000000009ffff] reserved
May 28 14:02:28 lfs-ulayus kernel: [    0.000000] BIOS-e820: [mem 0x00000000000f0000-0x00000000000fffff] reserved
May 28 14:02:28 lfs-ulayus kernel: [    0.000000] BIOS-e820: [mem 0x0000000000100000-0x00000000dffeffff] usable
May 28 14:02:28 lfs-ulayus kernel: [    0.000000] BIOS-e820: [mem 0x00000000dfff0000-0x00000000dfffffff] ACPI data
May 28 14:02:28 lfs-ulayus kernel: [    0.000000] BIOS-e820: [mem 0x00000000fec00000-0x00000000fec00fff] reserved
May 28 14:02:28 lfs-ulayus kernel: [    0.000000] BIOS-e820: [mem 0x00000000fee00000-0x00000000fee00fff] reserved
May 28 14:02:28 lfs-ulayus kernel: [    0.000000] BIOS-e820: [mem 0x00000000fffc0000-0x00000000ffffffff] reserved
May 28 14:02:28 lfs-ulayus kernel: [    0.000000] BIOS-e820: [mem 0x0000000100000000-0x000000021fffffff] usable
May 28 14:02:28 lfs-ulayus kernel: [    0.000000] NX (Execute Disable) protection: active
May 28 14:02:28 lfs-ulayus kernel: [    0.000000] APIC: Static calls initialized
May 28 14:02:28 lfs-ulayus kernel: [    0.000000] SMBIOS 2.5 present.
May 28 14:02:28 lfs-ulayus kernel: [    0.000000] DMI: innotek GmbH VirtualBox/VirtualBox, BIOS VirtualBox 12/01/2006
May 28 14:02:28 lfs-ulayus kernel: [    0.000000] Hypervisor detected: KVM
May 28 14:02:28 lfs-ulayus kernel: [    0.000000] kvm-clock: Using msrs 4b564d01 and 4b564d00
May 28 14:02:28 lfs-ulayus kernel: [    0.000000] kvm-clock: using sched offset of 7975993311 cycles
May 28 14:02:28 lfs-ulayus kernel: [    0.000002] clocksource: kvm-clock: mask: 0xffffffffffffffff max_cycles: 0x1cd42e4dffb, max_idle_ns: 881590591483 ns
May 28 14:02:28 lfs-ulayus kernel: [    0.000004] tsc: Detected 3493.376 MHz processor
May 28 14:02:28 lfs-ulayus kernel: [    0.000709] e820: update [mem 0x00000000-0x00000fff] usable ==> reserved
May 28 14:02:28 lfs-ulayus kernel: [    0.000711] e820: remove [mem 0x000a0000-0x000fffff] usable
May 28 14:02:28 lfs-ulayus kernel: [    0.000714] last_pfn = 0x220000 max_arch_pfn = 0x400000000
May 28 14:02:28 lfs-ulayus kernel: [    0.000720] MTRRs disabled by BIOS
May 28 14:02:28 lfs-ulayus kernel: [    0.000722] x86/PAT: Configuration [0-7]: WB  WC  UC- UC  WB  WP  UC- WT  
May 28 14:02:28 lfs-ulayus kernel: [    0.000738] last_pfn = 0xdfff0 max_arch_pfn = 0x400000000
May 28 14:02:28 lfs-ulayus kernel: [    0.000758] found SMP MP-table at [mem 0x0009fff0-0x0009ffff]
May 28 14:02:28 lfs-ulayus kernel: [    0.000886] ACPI: Early table checksum verification disabled
May 28 14:02:28 lfs-ulayus kernel: [    0.000888] ACPI: RSDP 0x00000000000E0000 000024 (v02 VBOX  )
May 28 14:02:28 lfs-ulayus kernel: [    0.000891] ACPI: XSDT 0x00000000DFFF0030 00003C (v01 VBOX   VBOXXSDT 00000001 ASL  00000061)
May 28 14:02:28 lfs-ulayus kernel: [    0.000894] ACPI: FACP 0x00000000DFFF00F0 0000F4 (v04 VBOX   VBOXFACP 00000001 ASL  00000061)
May 28 14:02:28 lfs-ulayus kernel: [    0.000897] ACPI: DSDT 0x00000000DFFF0620 002353 (v02 VBOX   VBOXBIOS 00000002 INTL 20230628)
May 28 14:02:28 lfs-ulayus kernel: [    0.000899] ACPI: FACS 0x00000000DFFF0200 000040
May 28 14:02:28 lfs-ulayus kernel: [    0.000899] ACPI: FACS 0x00000000DFFF0200 000040
May 28 14:02:28 lfs-ulayus kernel: [    0.000900] ACPI: APIC 0x00000000DFFF0240 00006C (v02 VBOX   VBOXAPIC 00000001 ASL  00000061)
May 28 14:02:28 lfs-ulayus kernel: [    0.000901] ACPI: SSDT 0x00000000DFFF02B0 00036C (v01 VBOX   VBOXCPUT 00000002 INTL 20230628)
May 28 14:02:28 lfs-ulayus kernel: [    0.000902] ACPI: Reserving FACP table memory at [mem 0xdfff00f0-0xdfff01e3]
May 28 14:02:28 lfs-ulayus kernel: [    0.000903] ACPI: Reserving DSDT table memory at [mem 0xdfff0620-0xdfff2972]
May 28 14:02:28 lfs-ulayus kernel: [    0.000903] ACPI: Reserving FACS table memory at [mem 0xdfff0200-0xdfff023f]
May 28 14:02:28 lfs-ulayus kernel: [    0.000904] ACPI: Reserving FACS table memory at [mem 0xdfff0200-0xdfff023f]
May 28 14:02:28 lfs-ulayus kernel: [    0.000904] ACPI: Reserving APIC table memory at [mem 0xdfff0240-0xdfff02ab]
May 28 14:02:28 lfs-ulayus kernel: [    0.000904] ACPI: Reserving SSDT table memory at [mem 0xdfff02b0-0xdfff061b]
May 28 14:02:28 lfs-ulayus kernel: [    0.001013] No NUMA configuration found
May 28 14:02:28 lfs-ulayus kernel: [    0.001014] Faking a node at [mem 0x0000000000000000-0x000000021fffffff]
May 28 14:02:28 lfs-ulayus kernel: [    0.001015] NODE_DATA(0) allocated [mem 0x21fff8000-0x21fffbfff]
May 28 14:02:28 lfs-ulayus kernel: [    0.001026] Zone ranges:
May 28 14:02:28 lfs-ulayus kernel: [    0.001026]   DMA      [mem 0x0000000000001000-0x0000000000ffffff]
May 28 14:02:28 lfs-ulayus kernel: [    0.001027]   DMA32    [mem 0x0000000001000000-0x00000000ffffffff]
May 28 14:02:28 lfs-ulayus kernel: [    0.001027]   Normal   [mem 0x0000000100000000-0x000000021fffffff]
May 28 14:02:28 lfs-ulayus kernel: [    0.001028] Movable zone start for each node
May 28 14:02:28 lfs-ulayus kernel: [    0.001028] Early memory node ranges
May 28 14:02:28 lfs-ulayus kernel: [    0.001028]   node   0: [mem 0x0000000000001000-0x000000000009efff]
May 28 14:02:28 lfs-ulayus kernel: [    0.001029]   node   0: [mem 0x0000000000100000-0x00000000dffeffff]
May 28 14:02:28 lfs-ulayus kernel: [    0.001030]   node   0: [mem 0x0000000100000000-0x000000021fffffff]
May 28 14:02:28 lfs-ulayus kernel: [    0.001030] Initmem setup node 0 [mem 0x0000000000001000-0x000000021fffffff]
May 28 14:02:28 lfs-ulayus kernel: [    0.001034] On node 0, zone DMA: 1 pages in unavailable ranges
May 28 14:02:28 lfs-ulayus kernel: [    0.001052] On node 0, zone DMA: 97 pages in unavailable ranges
May 28 14:02:28 lfs-ulayus kernel: [    0.011161] On node 0, zone Normal: 16 pages in unavailable ranges
May 28 14:02:28 lfs-ulayus kernel: [    0.011375] ACPI: PM-Timer IO Port: 0x4008
May 28 14:02:28 lfs-ulayus kernel: [    0.011424] IOAPIC[0]: apic_id 4, version 32, address 0xfec00000, GSI 0-23
May 28 14:02:28 lfs-ulayus kernel: [    0.011427] ACPI: INT_SRC_OVR (bus 0 bus_irq 0 global_irq 2 dfl dfl)
May 28 14:02:28 lfs-ulayus kernel: [    0.011428] ACPI: INT_SRC_OVR (bus 0 bus_irq 9 global_irq 9 low level)
May 28 14:02:28 lfs-ulayus kernel: [    0.011430] ACPI: Using ACPI (MADT) for SMP configuration information
May 28 14:02:28 lfs-ulayus kernel: [    0.011432] smpboot: Allowing 4 CPUs, 0 hotplug CPUs
May 28 14:02:28 lfs-ulayus kernel: [    0.011450] PM: hibernation: Registered nosave memory: [mem 0x00000000-0x00000fff]
May 28 14:02:28 lfs-ulayus kernel: [    0.011450] PM: hibernation: Registered nosave memory: [mem 0x0009f000-0x0009ffff]
May 28 14:02:28 lfs-ulayus kernel: [    0.011451] PM: hibernation: Registered nosave memory: [mem 0x000a0000-0x000effff]
May 28 14:02:28 lfs-ulayus kernel: [    0.011451] PM: hibernation: Registered nosave memory: [mem 0x000f0000-0x000fffff]
May 28 14:02:28 lfs-ulayus kernel: [    0.011452] PM: hibernation: Registered nosave memory: [mem 0xdfff0000-0xdfffffff]
May 28 14:02:28 lfs-ulayus kernel: [    0.011452] PM: hibernation: Registered nosave memory: [mem 0xe0000000-0xfebfffff]
May 28 14:02:28 lfs-ulayus kernel: [    0.011453] PM: hibernation: Registered nosave memory: [mem 0xfec00000-0xfec00fff]
May 28 14:02:28 lfs-ulayus kernel: [    0.011453] PM: hibernation: Registered nosave memory: [mem 0xfec01000-0xfedfffff]
May 28 14:02:28 lfs-ulayus kernel: [    0.011453] PM: hibernation: Registered nosave memory: [mem 0xfee00000-0xfee00fff]
May 28 14:02:28 lfs-ulayus kernel: [    0.011453] PM: hibernation: Registered nosave memory: [mem 0xfee01000-0xfffbffff]
May 28 14:02:28 lfs-ulayus kernel: [    0.011454] PM: hibernation: Registered nosave memory: [mem 0xfffc0000-0xffffffff]
